============================================================
[2026-08-28 22:53:42] limit · SRT_000
error: AI Image 한도 - 재설정 2026-08-29 01:14
extra: reset_at=2026-08-29 01:14
--- page ---
AI Image 5시간 제한에 도달했습니다. 8월 29일 오전 1:14에 재설정됩니다
---
5시간 제한
---
 damage, blood, and wounds must follow the State Layer only — do not invent random outfit changes. Do not change facial identity, eye shape, or physique across scenes.

===== SRT [0, 20) =====
제13장. 두 번째 판. 봄이 지나고
초여름이 왔다. 화산의 산허리를 따라
피어오르던 매화의 잔향이 채 사라지기도 전에,
여름의 첫 바람이 계곡 사이를 훑고 지나갔다.
초록이 짙어진 소나무 사이로 이른 아침의
햇살이 비스듬히 스며들었고, 연무장 위로
내려앉던 이슬은 검 끝에서 한 방울씩 떨어져

===== STYLE =====
Chinese wuxia manhua (중국 무협 만화) style illustration, bold ink outlines with dramatic ink-wash and vibrant cel-shaded coloring, flowing ancient Chinese hanfu robes, ornate jian sword ornaments and swirling qi energy effects, cinematic high-contrast lighting with mystical cyan/crimson/golden aura, classic Chinese manhua panel composition, epic mountain-river jianghu backdrop, 16:9 aspect ratio, ultra high resolution digital manhua art, no Studio Ghibli style, no Korean manhwa, no Japanese anime, no 3D render, no flat cartoon, no photoreal, no live-action photo, no speech bubbles, no comic balloons, no dialogue balloons, no thought bubbles, no tooltips, no help balloons, no UI tips, no callout boxes, no caption boxes, no chat bubbles, no watermarks, no logos, no Hangul, no Korean characters, no Korean written text on image, no hanbok, no Korean traditional clothing, no jeogori, no chima, no Japanese text on image, no English text on image, no Latin letters on image, no Chinese hanzi on image, no written text, no letters, no captions, no signs with …
============================================================
[2026-08-28 22:53:42] limit · SRT_000
error: AI Image 한도 - 재설정 2026-08-29 01:14
extra: streak=1 reset_at=2026-08-29 01:14
--- page ---
AI Image 5시간 제한에 도달했습니다. 8월 29일 오전 1:14에 재설정됩니다 --- 5시간 제한 --- New AI 이미지 홈 Skills 세컨드 브레인 더보기 Jin Muhan 화산 무협 만화 일러스트 생성 요청 공유 pasted-
============================================================
[2026-08-28 22:56:54] limit · SRT_000
error: AI Image 한도 - 재설정 2026-08-29 01:14
extra: reset_at=2026-08-29 01:14
--- page ---
AI Image 5시간 제한에 도달했습니다. 8월 29일 오전 1:14에 재설정됩니다
---
5시간 제한
---
n (unless emotion scene). NOT generic bishonen. Hair, robe damage, blood, and wounds must follow the State Layer only — do not invent random outfit changes. Do not change facial identity, eye shape, or physique across scenes.

===== SRT [0, 20) =====
제13장. 두 번째 판. 봄이 지나고
초여름이 왔다. 화산의 산허리를 따라
피어오르던 매화의 잔향이 채 사라지기도 전에,
여름의 첫 바람이 계곡 사이를 훑고 지나갔다.
초록이 짙어진 소나무 사이로 이른 아침의
햇살이 비스듬히 스며들었고, 연무장 위로
내려앉던 이슬은 검 끝에서 한 방울씩 떨어져

===== STYLE =====
Chinese wuxia manhua (중국 무협 만화) style illustration, bold ink outlines with dramatic ink-wash and vibrant cel-shaded coloring, flowing ancient Chinese hanfu robes, ornate jian sword ornaments and swirling qi energy effects, cinematic high-contrast lighting with mystical cyan/crimson/golden aura, classic Chinese manhua panel composition, epic mountain-river jianghu backdrop, 16:9 aspect ratio, ultra high resolution digital manhua art, no Studio Ghibli style, no Korean manhwa, no Japanese anime, no 3D render, no flat cartoon, no photoreal, no live-action photo, no speech bubbles, no comic balloons, no dialogue balloons, no thought bubbles, no tooltips, no help balloons, no UI tips, no callout boxes, no caption boxes, no chat bubbles, no watermarks, no logos, no Hangul, no Korean characters, no Korean written text on image, no hanbok, no Korean traditional clothing, no jeogori, no chima, no Japanese text on image, no English text on image, no Latin letters on image, no Chinese hanzi on image…
============================================================
[2026-08-28 22:56:54] limit · SRT_000
error: AI Image 한도 - 재설정 2026-08-29 01:14
extra: streak=1 reset_at=2026-08-29 01:14
--- page ---
AI Image 5시간 제한에 도달했습니다. 8월 29일 오전 1:14에 재설정됩니다 --- 5시간 제한 --- New AI 이미지 홈 Skills 세컨드 브레인 더보기 Jin Muhan 캐릭터 일러스트 생성 요청 공유 pasted-text-
============================================================
[2026-08-29 01:30:06] limit · SRT_800
error: AI Image 한도 - 재설정 2026-08-29 06:15
extra: reset_at=2026-08-29 06:15
--- page ---
AI Image 5시간 제한에 도달했습니다. 8월 29일 오전 6:15에 재설정됩니다
---
5시간 제한
---
세션 한도 도달
AI Image 5시간 제한에 도달했습니다. 8월 29일 오전 6:15에 재설정됩니다
OK
---
세션 한도 도달
AI Image 5시간 제한에 도달했습니다. 8월 29일 오전 6:15에 재설정됩니다
OK
---
5시간 제한
---
RT [800, 820) =====
좋은 약재를 물었고, 약재상 주인은 능숙하게 몇
가지를 추천하며 포장했다. 거래는 평범하게
끝났다. 그러나 가게를 나서는 진무한의
뒷머리에 시선이 꽂혔다. 약재상 주인이 두
사람의 뒷모습을 가게 안에서 지켜보고
있었다. 진무한은 돌아보지 않았다.
그러나 느꼈다. 그자가 자신을 알아보았다.

===== STYLE =====
Chinese wuxia manhua (중국 무협 만화) style illustration, bold ink outlines with dramatic ink-wash and vibrant cel-shaded coloring, flowing ancient Chinese hanfu robes, ornate jian sword ornaments and swirling qi energy effects, cinematic high-contrast lighting with mystical cyan/crimson/golden aura, classic Chinese manhua panel composition, epic mountain-river jianghu backdrop, 16:9 aspect ratio, ultra high resolution digital manhua art, no Studio Ghibli style, no Korean manhwa, no Japanese anime, no 3D render, no flat cartoon, no photoreal, no live-action photo, no speech bubbles, no comic balloons, no dialogue balloons, no thought bubbles, no tooltips, no help balloons, no UI tips, no callout boxes, no caption boxes, no chat bubbles, no watermarks, no logos, no Hangul, no Korean characters, no Korean written text on image, no hanbok, no Korean traditional clothing, no jeogori, no chima, no Japanese text on image, no English text on image, no Latin letters on image, no Chinese hanzi on image, no written text, no letters, no captions, no signs with readable writing, distinct individual…
============================================================
[2026-08-29 01:30:06] limit · SRT_800
error: AI Image 한도 - 재설정 2026-08-29 06:15
extra: streak=1 reset_at=2026-08-29 06:15
--- page ---
AI Image 5시간 제한에 도달했습니다. 8월 29일 오전 6:15에 재설정됩니다 --- 5시간 제한 --- 세션 한도 도달 AI Image 5시간 제한에 도달했습니다. 8월 29일 오전 6:15에 재설정됩니다 OK --- 세션 한도 도달
============================================================
[2026-08-29 06:22:58] fail · SRT_1080
error: 이미지는 없고 성공 문구만 있음 — 다음 씬으로 진행
--- page ---
unless emotion scene). NOT generic bishonen. Hair, robe damage, blood, and wounds must follow the State Layer only — do not invent random outfit changes. Do not change facial identity, eye shape, or physique across scenes.

===== SRT [1080, 1100) =====
그런데 화산 쪽으로? 두 가지 가능성이 진무한의
머리를 스쳤다. 하나. 그자가 화산 안에 연락할
누군가가 있다. 둘. 그자가 화산 자체를
목표로 움직이고 있다. 어느 쪽이든, 좋은
소식이 아니었다. 진무한은 즉시 결단했다.

===== STYLE =====
Chinese wuxia manhua (중국 무협 만화) style illustration, bold ink outlines with dramatic ink-wash and vibrant cel-shaded coloring, flowing ancient Chinese hanfu robes, ornate jian sword ornaments and swirling qi energy effects, cinematic high-contrast lighting with mystical cyan/crimson/golden aura, classic Chinese manhua panel composition, epic mountain-river jianghu backdrop, 16:9 aspect ratio, ultra high resolution digital manhua art, no Studio Ghibli style, no Korean manhwa, no Japanese anime, no 3D render, no flat cartoon, no photoreal, no live-action photo, no speech bubbles, no comic balloons, no dialogue balloons, no thought bubbles, no tooltips, no help balloons, no UI tips, no callout boxes, no caption boxes, no chat bubbles, no watermarks, no logos, no Hangul, no Korean characters, no Korean written text on image, no hanbok, no Korean traditional clothing, no jeogori, no chima, no Japanese text on image, no English text on image, no Latin letters on image, no Chinese hanzi on image, no written text, no letters, no captions, no signs with readable writing, distinct individualized f…
============================================================
[2026-08-29 06:22:58] fail · SRT_1080
error: 이미지는 없고 성공 문구만 있음 — 다음 씬으로 진행
extra: streak=1
