============================================================
[2026-08-30 07:27:05] limit · SRT_000
error: AI Image 한도 - 재설정 2026-08-30 08:34
extra: reset_at=2026-08-30 08:34
--- page ---
AI Image 5시간 제한에 도달했습니다. 8월 30일 오전 8:34에 재설정됩니다
---
5시간 제한
---
세션 한도 도달
AI Image 5시간 제한에 도달했습니다. 8월 30일 오전 8:34에 재설정됩니다
OK
---
세션 한도 도달
AI Image 5시간 제한에 도달했습니다. 8월 30일 오전 8:34에 재설정됩니다
OK
---
5시간 제한
---
은 그늘을 드리웠다. 연무장에서는
이대 제자들의 검 소리가 끊이지 않았으며,
장로전에서는 여름 수련의 일정이 논의되고
있었다. 모든 것이 평범했다. 그러나

===== STYLE =====
Chinese wuxia manhua (중국 무협 만화) style illustration, bold ink outlines with dramatic ink-wash and vibrant cel-shaded coloring, flowing ancient Chinese hanfu robes, ornate jian sword ornaments and swirling qi energy effects, cinematic high-contrast lighting with mystical cyan/crimson/golden aura, classic Chinese manhua panel composition, epic mountain-river jianghu backdrop, 16:9 aspect ratio, ultra high resolution digital manhua art, no Studio Ghibli style, no Korean manhwa, no Japanese anime, no 3D render, no flat cartoon, no photoreal, no live-action photo, no speech bubbles, no comic balloons, no dialogue balloons, no thought bubbles, no tooltips, no help balloons, no UI tips, no callout boxes, no caption boxes, no chat bubbles, no watermarks, no logos, no Hangul, no Korean characters, no Korean written text on image, no hanbok, no Korean traditional clothing, no jeogori, no chima, no Japanese text on image, no English text on image, no Latin letters on image, no Chinese hanzi on image, no written text, no letters, no captions, no signs with readable writing, distinct individualized faces matching Character Bible Face Identity, each character visually unique, NOT generic …
============================================================
[2026-08-30 07:27:05] limit · SRT_000
error: AI Image 한도 - 재설정 2026-08-30 08:34
extra: streak=1 reset_at=2026-08-30 08:34
--- page ---
AI Image 5시간 제한에 도달했습니다. 8월 30일 오전 8:34에 재설정됩니다 --- 5시간 제한 --- 세션 한도 도달 AI Image 5시간 제한에 도달했습니다. 8월 30일 오전 8:34에 재설정됩니다 OK --- 세션 한도 도달
============================================================
[2026-08-30 07:27:10] fail · SRT_020
error: 이어쓰기 입력란을 찾지 못했습니다.
--- page ---
AI Image 5시간 제한에 도달했습니다. 8월 30일 오전 8:34에 재설정됩니다
---
5시간 제한
---
세션 한도 도달
AI Image 5시간 제한에 도달했습니다. 8월 30일 오전 8:34에 재설정됩니다
OK
---
세션 한도 도달
AI Image 5시간 제한에 도달했습니다. 8월 30일 오전 8:34에 재설정됩니다
OK
---
5시간 제한
---
은 그늘을 드리웠다. 연무장에서는
이대 제자들의 검 소리가 끊이지 않았으며,
장로전에서는 여름 수련의 일정이 논의되고
있었다. 모든 것이 평범했다. 그러나

===== STYLE =====
Chinese wuxia manhua (중국 무협 만화) style illustration, bold ink outlines with dramatic ink-wash and vibrant cel-shaded coloring, flowing ancient Chinese hanfu robes, ornate jian sword ornaments and swirling qi energy effects, cinematic high-contrast lighting with mystical cyan/crimson/golden aura, classic Chinese manhua panel composition, epic mountain-river jianghu backdrop, 16:9 aspect ratio, ultra high resolution digital manhua art, no Studio Ghibli style, no Korean manhwa, no Japanese anime, no 3D render, no flat cartoon, no photoreal, no live-action photo, no speech bubbles, no comic balloons, no dialogue balloons, no thought bubbles, no tooltips, no help balloons, no UI tips, no callout boxes, no caption boxes, no chat bubbles, no watermarks, no logos, no Hangul, no Korean characters, no Korean written text on image, no hanbok, no Korean traditional clothing, no jeogori, no chima, no Japanese text on image, no English text on image, no Latin letters on image, no Chinese hanzi on image, no written text, no letters, no captions, no signs with readable writing, distinct individualized faces matching Character Bible Face Identity, each character visually unique, NOT generic …
============================================================
[2026-08-30 07:27:10] fail_streak · SRT_020
error: 이어쓰기 입력란을 찾지 못했습니다.
extra: streak=2
============================================================
[2026-08-30 07:27:15] fail · SRT_040
error: 이어쓰기 입력란을 찾지 못했습니다.
--- page ---
AI Image 5시간 제한에 도달했습니다. 8월 30일 오전 8:34에 재설정됩니다
---
5시간 제한
---
세션 한도 도달
AI Image 5시간 제한에 도달했습니다. 8월 30일 오전 8:34에 재설정됩니다
OK
---
세션 한도 도달
AI Image 5시간 제한에 도달했습니다. 8월 30일 오전 8:34에 재설정됩니다
OK
---
5시간 제한
---
은 그늘을 드리웠다. 연무장에서는
이대 제자들의 검 소리가 끊이지 않았으며,
장로전에서는 여름 수련의 일정이 논의되고
있었다. 모든 것이 평범했다. 그러나

===== STYLE =====
Chinese wuxia manhua (중국 무협 만화) style illustration, bold ink outlines with dramatic ink-wash and vibrant cel-shaded coloring, flowing ancient Chinese hanfu robes, ornate jian sword ornaments and swirling qi energy effects, cinematic high-contrast lighting with mystical cyan/crimson/golden aura, classic Chinese manhua panel composition, epic mountain-river jianghu backdrop, 16:9 aspect ratio, ultra high resolution digital manhua art, no Studio Ghibli style, no Korean manhwa, no Japanese anime, no 3D render, no flat cartoon, no photoreal, no live-action photo, no speech bubbles, no comic balloons, no dialogue balloons, no thought bubbles, no tooltips, no help balloons, no UI tips, no callout boxes, no caption boxes, no chat bubbles, no watermarks, no logos, no Hangul, no Korean characters, no Korean written text on image, no hanbok, no Korean traditional clothing, no jeogori, no chima, no Japanese text on image, no English text on image, no Latin letters on image, no Chinese hanzi on image, no written text, no letters, no captions, no signs with readable writing, distinct individualized faces matching Character Bible Face Identity, each character visually unique, NOT generic …
============================================================
[2026-08-30 07:27:15] fail_streak · SRT_040
error: 이어쓰기 입력란을 찾지 못했습니다.
extra: streak=3
============================================================
[2026-08-30 07:27:20] fail · SRT_060
error: 이어쓰기 입력란을 찾지 못했습니다.
--- page ---
AI Image 5시간 제한에 도달했습니다. 8월 30일 오전 8:34에 재설정됩니다
---
5시간 제한
---
세션 한도 도달
AI Image 5시간 제한에 도달했습니다. 8월 30일 오전 8:34에 재설정됩니다
OK
---
세션 한도 도달
AI Image 5시간 제한에 도달했습니다. 8월 30일 오전 8:34에 재설정됩니다
OK
---
5시간 제한
---
은 그늘을 드리웠다. 연무장에서는
이대 제자들의 검 소리가 끊이지 않았으며,
장로전에서는 여름 수련의 일정이 논의되고
있었다. 모든 것이 평범했다. 그러나

===== STYLE =====
Chinese wuxia manhua (중국 무협 만화) style illustration, bold ink outlines with dramatic ink-wash and vibrant cel-shaded coloring, flowing ancient Chinese hanfu robes, ornate jian sword ornaments and swirling qi energy effects, cinematic high-contrast lighting with mystical cyan/crimson/golden aura, classic Chinese manhua panel composition, epic mountain-river jianghu backdrop, 16:9 aspect ratio, ultra high resolution digital manhua art, no Studio Ghibli style, no Korean manhwa, no Japanese anime, no 3D render, no flat cartoon, no photoreal, no live-action photo, no speech bubbles, no comic balloons, no dialogue balloons, no thought bubbles, no tooltips, no help balloons, no UI tips, no callout boxes, no caption boxes, no chat bubbles, no watermarks, no logos, no Hangul, no Korean characters, no Korean written text on image, no hanbok, no Korean traditional clothing, no jeogori, no chima, no Japanese text on image, no English text on image, no Latin letters on image, no Chinese hanzi on image, no written text, no letters, no captions, no signs with readable writing, distinct individualized faces matching Character Bible Face Identity, each character visually unique, NOT generic …
============================================================
[2026-08-30 07:27:20] fail_streak · SRT_060
error: 이어쓰기 입력란을 찾지 못했습니다.
extra: streak=4
============================================================
[2026-08-30 07:27:25] fail · SRT_080
error: 이어쓰기 입력란을 찾지 못했습니다.
--- page ---
AI Image 5시간 제한에 도달했습니다. 8월 30일 오전 8:34에 재설정됩니다
---
5시간 제한
---
세션 한도 도달
AI Image 5시간 제한에 도달했습니다. 8월 30일 오전 8:34에 재설정됩니다
OK
---
세션 한도 도달
AI Image 5시간 제한에 도달했습니다. 8월 30일 오전 8:34에 재설정됩니다
OK
---
5시간 제한
---
은 그늘을 드리웠다. 연무장에서는
이대 제자들의 검 소리가 끊이지 않았으며,
장로전에서는 여름 수련의 일정이 논의되고
있었다. 모든 것이 평범했다. 그러나

===== STYLE =====
Chinese wuxia manhua (중국 무협 만화) style illustration, bold ink outlines with dramatic ink-wash and vibrant cel-shaded coloring, flowing ancient Chinese hanfu robes, ornate jian sword ornaments and swirling qi energy effects, cinematic high-contrast lighting with mystical cyan/crimson/golden aura, classic Chinese manhua panel composition, epic mountain-river jianghu backdrop, 16:9 aspect ratio, ultra high resolution digital manhua art, no Studio Ghibli style, no Korean manhwa, no Japanese anime, no 3D render, no flat cartoon, no photoreal, no live-action photo, no speech bubbles, no comic balloons, no dialogue balloons, no thought bubbles, no tooltips, no help balloons, no UI tips, no callout boxes, no caption boxes, no chat bubbles, no watermarks, no logos, no Hangul, no Korean characters, no Korean written text on image, no hanbok, no Korean traditional clothing, no jeogori, no chima, no Japanese text on image, no English text on image, no Latin letters on image, no Chinese hanzi on image, no written text, no letters, no captions, no signs with readable writing, distinct individualized faces matching Character Bible Face Identity, each character visually unique, NOT generic …
============================================================
[2026-08-30 07:27:25] fail_streak · SRT_080
error: 이어쓰기 입력란을 찾지 못했습니다.
extra: streak=5
============================================================
[2026-08-30 07:27:30] fail · SRT_100
error: 이어쓰기 입력란을 찾지 못했습니다.
--- page ---
AI Image 5시간 제한에 도달했습니다. 8월 30일 오전 8:34에 재설정됩니다
---
5시간 제한
---
세션 한도 도달
AI Image 5시간 제한에 도달했습니다. 8월 30일 오전 8:34에 재설정됩니다
OK
---
세션 한도 도달
AI Image 5시간 제한에 도달했습니다. 8월 30일 오전 8:34에 재설정됩니다
OK
---
5시간 제한
---
은 그늘을 드리웠다. 연무장에서는
이대 제자들의 검 소리가 끊이지 않았으며,
장로전에서는 여름 수련의 일정이 논의되고
있었다. 모든 것이 평범했다. 그러나

===== STYLE =====
Chinese wuxia manhua (중국 무협 만화) style illustration, bold ink outlines with dramatic ink-wash and vibrant cel-shaded coloring, flowing ancient Chinese hanfu robes, ornate jian sword ornaments and swirling qi energy effects, cinematic high-contrast lighting with mystical cyan/crimson/golden aura, classic Chinese manhua panel composition, epic mountain-river jianghu backdrop, 16:9 aspect ratio, ultra high resolution digital manhua art, no Studio Ghibli style, no Korean manhwa, no Japanese anime, no 3D render, no flat cartoon, no photoreal, no live-action photo, no speech bubbles, no comic balloons, no dialogue balloons, no thought bubbles, no tooltips, no help balloons, no UI tips, no callout boxes, no caption boxes, no chat bubbles, no watermarks, no logos, no Hangul, no Korean characters, no Korean written text on image, no hanbok, no Korean traditional clothing, no jeogori, no chima, no Japanese text on image, no English text on image, no Latin letters on image, no Chinese hanzi on image, no written text, no letters, no captions, no signs with readable writing, distinct individualized faces matching Character Bible Face Identity, each character visually unique, NOT generic …
============================================================
[2026-08-30 07:27:30] fail_streak · SRT_100
error: 이어쓰기 입력란을 찾지 못했습니다.
extra: streak=6
============================================================
[2026-08-30 07:27:34] fail · SRT_120
error: 이어쓰기 입력란을 찾지 못했습니다.
--- page ---
AI Image 5시간 제한에 도달했습니다. 8월 30일 오전 8:34에 재설정됩니다
---
5시간 제한
---
세션 한도 도달
AI Image 5시간 제한에 도달했습니다. 8월 30일 오전 8:34에 재설정됩니다
OK
---
세션 한도 도달
AI Image 5시간 제한에 도달했습니다. 8월 30일 오전 8:34에 재설정됩니다
OK
---
5시간 제한
---
은 그늘을 드리웠다. 연무장에서는
이대 제자들의 검 소리가 끊이지 않았으며,
장로전에서는 여름 수련의 일정이 논의되고
있었다. 모든 것이 평범했다. 그러나

===== STYLE =====
Chinese wuxia manhua (중국 무협 만화) style illustration, bold ink outlines with dramatic ink-wash and vibrant cel-shaded coloring, flowing ancient Chinese hanfu robes, ornate jian sword ornaments and swirling qi energy effects, cinematic high-contrast lighting with mystical cyan/crimson/golden aura, classic Chinese manhua panel composition, epic mountain-river jianghu backdrop, 16:9 aspect ratio, ultra high resolution digital manhua art, no Studio Ghibli style, no Korean manhwa, no Japanese anime, no 3D render, no flat cartoon, no photoreal, no live-action photo, no speech bubbles, no comic balloons, no dialogue balloons, no thought bubbles, no tooltips, no help balloons, no UI tips, no callout boxes, no caption boxes, no chat bubbles, no watermarks, no logos, no Hangul, no Korean characters, no Korean written text on image, no hanbok, no Korean traditional clothing, no jeogori, no chima, no Japanese text on image, no English text on image, no Latin letters on image, no Chinese hanzi on image, no written text, no letters, no captions, no signs with readable writing, distinct individualized faces matching Character Bible Face Identity, each character visually unique, NOT generic …
============================================================
[2026-08-30 07:27:34] fail_streak · SRT_120
error: 이어쓰기 입력란을 찾지 못했습니다.
extra: streak=7
============================================================
[2026-08-30 07:27:39] fail · SRT_140
error: 이어쓰기 입력란을 찾지 못했습니다.
--- page ---
AI Image 5시간 제한에 도달했습니다. 8월 30일 오전 8:34에 재설정됩니다
---
5시간 제한
---
세션 한도 도달
AI Image 5시간 제한에 도달했습니다. 8월 30일 오전 8:34에 재설정됩니다
OK
---
세션 한도 도달
AI Image 5시간 제한에 도달했습니다. 8월 30일 오전 8:34에 재설정됩니다
OK
---
5시간 제한
---
은 그늘을 드리웠다. 연무장에서는
이대 제자들의 검 소리가 끊이지 않았으며,
장로전에서는 여름 수련의 일정이 논의되고
있었다. 모든 것이 평범했다. 그러나

===== STYLE =====
Chinese wuxia manhua (중국 무협 만화) style illustration, bold ink outlines with dramatic ink-wash and vibrant cel-shaded coloring, flowing ancient Chinese hanfu robes, ornate jian sword ornaments and swirling qi energy effects, cinematic high-contrast lighting with mystical cyan/crimson/golden aura, classic Chinese manhua panel composition, epic mountain-river jianghu backdrop, 16:9 aspect ratio, ultra high resolution digital manhua art, no Studio Ghibli style, no Korean manhwa, no Japanese anime, no 3D render, no flat cartoon, no photoreal, no live-action photo, no speech bubbles, no comic balloons, no dialogue balloons, no thought bubbles, no tooltips, no help balloons, no UI tips, no callout boxes, no caption boxes, no chat bubbles, no watermarks, no logos, no Hangul, no Korean characters, no Korean written text on image, no hanbok, no Korean traditional clothing, no jeogori, no chima, no Japanese text on image, no English text on image, no Latin letters on image, no Chinese hanzi on image, no written text, no letters, no captions, no signs with readable writing, distinct individualized faces matching Character Bible Face Identity, each character visually unique, NOT generic …
============================================================
[2026-08-30 07:27:39] fail_streak · SRT_140
error: 이어쓰기 입력란을 찾지 못했습니다.
extra: streak=8
============================================================
[2026-08-30 07:27:44] fail · SRT_160
error: 이어쓰기 입력란을 찾지 못했습니다.
--- page ---
AI Image 5시간 제한에 도달했습니다. 8월 30일 오전 8:34에 재설정됩니다
---
5시간 제한
---
세션 한도 도달
AI Image 5시간 제한에 도달했습니다. 8월 30일 오전 8:34에 재설정됩니다
OK
---
세션 한도 도달
AI Image 5시간 제한에 도달했습니다. 8월 30일 오전 8:34에 재설정됩니다
OK
---
5시간 제한
---
은 그늘을 드리웠다. 연무장에서는
이대 제자들의 검 소리가 끊이지 않았으며,
장로전에서는 여름 수련의 일정이 논의되고
있었다. 모든 것이 평범했다. 그러나

===== STYLE =====
Chinese wuxia manhua (중국 무협 만화) style illustration, bold ink outlines with dramatic ink-wash and vibrant cel-shaded coloring, flowing ancient Chinese hanfu robes, ornate jian sword ornaments and swirling qi energy effects, cinematic high-contrast lighting with mystical cyan/crimson/golden aura, classic Chinese manhua panel composition, epic mountain-river jianghu backdrop, 16:9 aspect ratio, ultra high resolution digital manhua art, no Studio Ghibli style, no Korean manhwa, no Japanese anime, no 3D render, no flat cartoon, no photoreal, no live-action photo, no speech bubbles, no comic balloons, no dialogue balloons, no thought bubbles, no tooltips, no help balloons, no UI tips, no callout boxes, no caption boxes, no chat bubbles, no watermarks, no logos, no Hangul, no Korean characters, no Korean written text on image, no hanbok, no Korean traditional clothing, no jeogori, no chima, no Japanese text on image, no English text on image, no Latin letters on image, no Chinese hanzi on image, no written text, no letters, no captions, no signs with readable writing, distinct individualized faces matching Character Bible Face Identity, each character visually unique, NOT generic …
============================================================
[2026-08-30 07:27:44] fail_streak · SRT_160
error: 이어쓰기 입력란을 찾지 못했습니다.
extra: streak=9
============================================================
[2026-08-30 07:27:47] fail · SRT_180
error: 이어쓰기 입력란을 찾지 못했습니다.
============================================================
[2026-08-30 07:27:47] fail_streak · SRT_180
error: 이어쓰기 입력란을 찾지 못했습니다.
extra: streak=10
============================================================
[2026-08-30 07:27:47] fail_streak · SRT_200
error: 브라우저 탭이 닫혔습니다. 「실행」를 다시 눌러 주세요.
extra: streak=11
============================================================
[2026-08-30 07:27:48] fail_streak · SRT_220
error: 브라우저 탭이 닫혔습니다. 「실행」를 다시 눌러 주세요.
extra: streak=12
============================================================
[2026-08-30 07:27:48] fail_streak · SRT_240
error: 브라우저 탭이 닫혔습니다. 「실행」를 다시 눌러 주세요.
extra: streak=13
============================================================
[2026-08-30 07:27:48] fail_streak · SRT_260
error: 브라우저 탭이 닫혔습니다. 「실행」를 다시 눌러 주세요.
extra: streak=14
============================================================
[2026-08-30 07:27:48] fail_streak · SRT_280
error: 브라우저 탭이 닫혔습니다. 「실행」를 다시 눌러 주세요.
extra: streak=15
============================================================
[2026-08-30 07:27:48] fail_streak · SRT_300
error: 브라우저 탭이 닫혔습니다. 「실행」를 다시 눌러 주세요.
extra: streak=16
============================================================
[2026-08-30 07:27:48] fail_streak · SRT_320
error: 브라우저 탭이 닫혔습니다. 「실행」를 다시 눌러 주세요.
extra: streak=17
============================================================
[2026-08-30 07:27:49] fail_streak · SRT_340
error: 브라우저 탭이 닫혔습니다. 「실행」를 다시 눌러 주세요.
extra: streak=18
============================================================
[2026-08-30 07:27:49] fail_streak · SRT_360
error: 브라우저 탭이 닫혔습니다. 「실행」를 다시 눌러 주세요.
extra: streak=19
============================================================
[2026-08-30 07:27:49] fail_streak · SRT_380
error: 브라우저 탭이 닫혔습니다. 「실행」를 다시 눌러 주세요.
extra: streak=20
============================================================
[2026-08-30 07:27:49] fail_streak · SRT_400
error: 브라우저 탭이 닫혔습니다. 「실행」를 다시 눌러 주세요.
extra: streak=21
============================================================
[2026-08-30 07:27:49] fail_streak · SRT_420
error: 브라우저 탭이 닫혔습니다. 「실행」를 다시 눌러 주세요.
extra: streak=22
============================================================
[2026-08-30 07:27:49] fail_streak · SRT_440
error: 브라우저 탭이 닫혔습니다. 「실행」를 다시 눌러 주세요.
extra: streak=23
============================================================
[2026-08-30 07:27:50] fail_streak · SRT_460
error: 브라우저 탭이 닫혔습니다. 「실행」를 다시 눌러 주세요.
extra: streak=24
============================================================
[2026-08-30 07:27:50] fail_streak · SRT_480
error: 브라우저 탭이 닫혔습니다. 「실행」를 다시 눌러 주세요.
extra: streak=25
============================================================
[2026-08-30 07:27:50] fail_streak · SRT_500
error: 브라우저 탭이 닫혔습니다. 「실행」를 다시 눌러 주세요.
extra: streak=26
============================================================
[2026-08-30 07:27:50] fail_streak · SRT_520
error: 브라우저 탭이 닫혔습니다. 「실행」를 다시 눌러 주세요.
extra: streak=27
============================================================
[2026-08-30 07:27:50] fail_streak · SRT_540
error: 브라우저 탭이 닫혔습니다. 「실행」를 다시 눌러 주세요.
extra: streak=28
============================================================
[2026-08-30 07:27:50] fail_streak · SRT_560
error: 브라우저 탭이 닫혔습니다. 「실행」를 다시 눌러 주세요.
extra: streak=29
============================================================
[2026-08-30 07:27:51] fail_streak · SRT_580
error: 브라우저 탭이 닫혔습니다. 「실행」를 다시 눌러 주세요.
extra: streak=30
============================================================
[2026-08-30 07:27:51] fail_streak · SRT_600
error: 브라우저 탭이 닫혔습니다. 「실행」를 다시 눌러 주세요.
extra: streak=31
============================================================
[2026-08-30 07:27:51] fail_streak · SRT_620
error: 브라우저 탭이 닫혔습니다. 「실행」를 다시 눌러 주세요.
extra: streak=32
============================================================
[2026-08-30 07:27:51] fail_streak · SRT_640
error: 브라우저 탭이 닫혔습니다. 「실행」를 다시 눌러 주세요.
extra: streak=33
============================================================
[2026-08-30 07:27:51] fail_streak · SRT_660
error: 브라우저 탭이 닫혔습니다. 「실행」를 다시 눌러 주세요.
extra: streak=34
============================================================
[2026-08-30 07:27:51] fail_streak · SRT_680
error: 브라우저 탭이 닫혔습니다. 「실행」를 다시 눌러 주세요.
extra: streak=35
============================================================
[2026-08-30 07:27:52] fail_streak · SRT_700
error: 브라우저 탭이 닫혔습니다. 「실행」를 다시 눌러 주세요.
extra: streak=36
============================================================
[2026-08-30 07:27:52] fail_streak · SRT_720
error: 브라우저 탭이 닫혔습니다. 「실행」를 다시 눌러 주세요.
extra: streak=37
============================================================
[2026-08-30 07:27:52] fail_streak · SRT_740
error: 브라우저 탭이 닫혔습니다. 「실행」를 다시 눌러 주세요.
extra: streak=38
============================================================
[2026-08-30 07:27:52] fail_streak · SRT_760
error: 브라우저 탭이 닫혔습니다. 「실행」를 다시 눌러 주세요.
extra: streak=39
============================================================
[2026-08-30 07:27:52] fail_streak · SRT_780
error: 브라우저 탭이 닫혔습니다. 「실행」를 다시 눌러 주세요.
extra: streak=40
============================================================
[2026-08-30 07:27:52] fail_streak · SRT_800
error: 브라우저 탭이 닫혔습니다. 「실행」를 다시 눌러 주세요.
extra: streak=41
============================================================
[2026-08-30 07:27:53] fail_streak · SRT_820
error: 브라우저 탭이 닫혔습니다. 「실행」를 다시 눌러 주세요.
extra: streak=42
============================================================
[2026-08-30 07:27:53] fail_streak · SRT_840
error: 브라우저 탭이 닫혔습니다. 「실행」를 다시 눌러 주세요.
extra: streak=43
============================================================
[2026-08-30 07:27:53] fail_streak · SRT_860
error: 브라우저 탭이 닫혔습니다. 「실행」를 다시 눌러 주세요.
extra: streak=44
============================================================
[2026-08-30 07:27:53] fail_streak · SRT_880
error: 브라우저 탭이 닫혔습니다. 「실행」를 다시 눌러 주세요.
extra: streak=45
============================================================
[2026-08-30 07:27:53] fail_streak · SRT_900
error: 브라우저 탭이 닫혔습니다. 「실행」를 다시 눌러 주세요.
extra: streak=46
============================================================
[2026-08-30 07:27:53] fail_streak · SRT_920
error: 브라우저 탭이 닫혔습니다. 「실행」를 다시 눌러 주세요.
extra: streak=47
============================================================
[2026-08-30 07:27:54] fail_streak · SRT_940
error: 브라우저 탭이 닫혔습니다. 「실행」를 다시 눌러 주세요.
extra: streak=48
============================================================
[2026-08-30 07:27:54] fail_streak · SRT_960
error: 브라우저 탭이 닫혔습니다. 「실행」를 다시 눌러 주세요.
extra: streak=49
============================================================
[2026-08-30 07:27:54] fail_streak · SRT_980
error: 브라우저 탭이 닫혔습니다. 「실행」를 다시 눌러 주세요.
extra: streak=50
============================================================
[2026-08-30 07:27:54] fail_streak · SRT_1000
error: 브라우저 탭이 닫혔습니다. 「실행」를 다시 눌러 주세요.
extra: streak=51
============================================================
[2026-08-30 07:27:54] fail_streak · SRT_1020
error: 브라우저 탭이 닫혔습니다. 「실행」를 다시 눌러 주세요.
extra: streak=52
============================================================
[2026-08-30 07:27:54] fail_streak · SRT_1040
error: 브라우저 탭이 닫혔습니다. 「실행」를 다시 눌러 주세요.
extra: streak=53
============================================================
[2026-08-30 07:27:55] fail_streak · SRT_1060
error: 브라우저 탭이 닫혔습니다. 「실행」를 다시 눌러 주세요.
extra: streak=54
============================================================
[2026-08-30 07:27:55] fail_streak · SRT_1080
error: 브라우저 탭이 닫혔습니다. 「실행」를 다시 눌러 주세요.
extra: streak=55
============================================================
[2026-08-30 07:27:55] fail_streak · SRT_1100
error: 브라우저 탭이 닫혔습니다. 「실행」를 다시 눌러 주세요.
extra: streak=56
============================================================
[2026-08-30 07:27:55] fail_streak · SRT_1120
error: 브라우저 탭이 닫혔습니다. 「실행」를 다시 눌러 주세요.
extra: streak=57
============================================================
[2026-08-30 07:27:55] fail_streak · SRT_1140
error: 브라우저 탭이 닫혔습니다. 「실행」를 다시 눌러 주세요.
extra: streak=58
============================================================
[2026-08-30 07:27:55] fail_streak · SRT_1160
error: 브라우저 탭이 닫혔습니다. 「실행」를 다시 눌러 주세요.
extra: streak=59
============================================================
[2026-08-30 07:27:56] fail_streak · SRT_1180
error: 브라우저 탭이 닫혔습니다. 「실행」를 다시 눌러 주세요.
extra: streak=60
============================================================
[2026-08-30 07:27:56] fail_streak · SRT_1200
error: 브라우저 탭이 닫혔습니다. 「실행」를 다시 눌러 주세요.
extra: streak=61
============================================================
[2026-08-30 07:27:56] fail_streak · SRT_1220
error: 브라우저 탭이 닫혔습니다. 「실행」를 다시 눌러 주세요.
extra: streak=62
============================================================
[2026-08-30 07:27:56] fail_streak · SRT_1240
error: 브라우저 탭이 닫혔습니다. 「실행」를 다시 눌러 주세요.
extra: streak=63
============================================================
[2026-08-30 07:27:56] fail_streak · SRT_1260
error: 브라우저 탭이 닫혔습니다. 「실행」를 다시 눌러 주세요.
extra: streak=64
============================================================
[2026-08-30 07:27:56] fail_streak · SRT_1280
error: 브라우저 탭이 닫혔습니다. 「실행」를 다시 눌러 주세요.
extra: streak=65
============================================================
[2026-08-30 07:27:57] fail_streak · SRT_1300
error: 브라우저 탭이 닫혔습니다. 「실행」를 다시 눌러 주세요.
extra: streak=66
============================================================
[2026-08-30 07:27:57] fail_streak · SRT_1320
error: 브라우저 탭이 닫혔습니다. 「실행」를 다시 눌러 주세요.
extra: streak=67
============================================================
[2026-08-30 07:27:57] fail_streak · SRT_1340
error: 브라우저 탭이 닫혔습니다. 「실행」를 다시 눌러 주세요.
extra: streak=68
============================================================
[2026-08-30 07:27:57] fail_streak · SRT_1360
error: 브라우저 탭이 닫혔습니다. 「실행」를 다시 눌러 주세요.
extra: streak=69
============================================================
[2026-08-30 07:27:57] fail_streak · SRT_1380
error: 브라우저 탭이 닫혔습니다. 「실행」를 다시 눌러 주세요.
extra: streak=70
============================================================
[2026-08-30 07:27:57] fail_streak · SRT_1400
error: 브라우저 탭이 닫혔습니다. 「실행」를 다시 눌러 주세요.
extra: streak=71
============================================================
[2026-08-30 07:27:58] fail_streak · SRT_1420
error: 브라우저 탭이 닫혔습니다. 「실행」를 다시 눌러 주세요.
extra: streak=72
============================================================
[2026-08-30 07:27:58] fail_streak · SRT_1431
error: 브라우저 탭이 닫혔습니다. 「실행」를 다시 눌러 주세요.
extra: streak=73
============================================================
[2026-08-30 07:28:40] limit · SRT_000
error: AI Image 한도 - 재설정 2026-08-30 08:34
extra: reset_at=2026-08-30 08:34
--- page ---
AI Image 5시간 제한에 도달했습니다. 8월 30일 오전 8:34에 재설정됩니다
---
5시간 제한
---
 화산의
소나무들은 짙은 그늘을 드리웠다. 연무장에서는
이대 제자들의 검 소리가 끊이지 않았으며,
장로전에서는 여름 수련의 일정이 논의되고
있었다. 모든 것이 평범했다. 그러나

===== STYLE =====
Chinese wuxia manhua (중국 무협 만화) style illustration, bold ink outlines with dramatic ink-wash and vibrant cel-shaded coloring, flowing ancient Chinese hanfu robes, ornate jian sword ornaments and swirling qi energy effects, cinematic high-contrast lighting with mystical cyan/crimson/golden aura, classic Chinese manhua panel composition, epic mountain-river jianghu backdrop, 16:9 aspect ratio, ultra high resolution digital manhua art, no Studio Ghibli style, no Korean manhwa, no Japanese anime, no 3D render, no flat cartoon, no photoreal, no live-action photo, no speech bubbles, no comic balloons, no dialogue balloons, no thought bubbles, no tooltips, no help balloons, no UI tips, no callout boxes, no caption boxes, no chat bubbles, no watermarks, no logos, no Hangul, no Korean characters, no Korean written text on image, no hanbok, no Korean traditional clothing, no jeogori, no chima, no Japanese text on image, no English text on image, no Latin letters on image, no Chinese hanzi on image, no written text, no letters, no captions, no signs with readable writing, distinct individualized faces matching Character Bible Face Identity, each character visually unique, NOT generic bishonen, NOT same face as other disciples, expression follows each character's Face Identity (not uniform heroic pretty-boy lo…
============================================================
[2026-08-30 07:28:40] limit · SRT_000
error: AI Image 한도 - 재설정 2026-08-30 08:34
extra: streak=1 reset_at=2026-08-30 08:34
--- page ---
AI Image 5시간 제한에 도달했습니다. 8월 30일 오전 8:34에 재설정됩니다 --- 5시간 제한 --- New AI 이미지 홈 Skills 세컨드 브레인 더보기 진무한 캐릭터 wuxia manhua 일러스트 생성 요청 공유 paste
============================================================
[2026-08-30 08:40:11] fail · SRT_240
error: 이어쓰기 입력란을 찾지 못했습니다.
============================================================
[2026-08-30 08:40:11] fail · SRT_240
error: 이어쓰기 입력란을 찾지 못했습니다.
extra: streak=1
============================================================
[2026-08-30 08:40:11] fail_streak · SRT_260
error: 브라우저 탭이 닫혔습니다. 「실행」를 다시 눌러 주세요.
extra: streak=2
