============================================================
[2026-08-28 20:29:03] fail · SRT_640
error: 브라우저 탭이 닫혔습니다. 「실행」를 다시 눌러 주세요.
============================================================
[2026-08-28 20:29:03] fail · SRT_640
error: 브라우저 탭이 닫혔습니다. 「실행」를 다시 눌러 주세요.
extra: streak=1
============================================================
[2026-08-28 20:29:03] fail_streak · SRT_660
error: 브라우저 탭이 닫혔습니다. 「실행」를 다시 눌러 주세요.
extra: streak=2
============================================================
[2026-08-28 20:43:06] limit · SRT_1400
error: AI Image 한도 - 재설정 2026-08-29 01:14
extra: reset_at=2026-08-29 01:14
--- page ---
AI Image 5시간 제한에 도달했습니다. 8월 29일 오전 1:14에 재설정됩니다
---
5시간 제한
---
세션 한도 도달
AI Image 5시간 제한에 도달했습니다. 8월 29일 오전 1:14에 재설정됩니다
OK
---
세션 한도 도달
AI Image 5시간 제한에 도달했습니다. 8월 29일 오전 1:14에 재설정됩니다
OK
---
5시간 제한
---
야 할
일이었다. 다만... 그 대가가 오고 있을 뿐.

===== STYLE =====
Chinese wuxia manhua (중국 무협 만화) style illustration, bold ink outlines with dramatic ink-wash and vibrant cel-shaded coloring, flowing ancient Chinese hanfu robes, ornate jian sword ornaments and swirling qi energy effects, cinematic high-contrast lighting with mystical cyan/crimson/golden aura, classic Chinese manhua panel composition, epic mountain-river jianghu backdrop, 16:9 aspect ratio, ultra high resolution digital manhua art, no Studio Ghibli style, no Korean manhwa, no Japanese anime, no 3D render, no flat cartoon, no photoreal, no live-action photo, no speech bubbles, no comic balloons, no dialogue balloons, no thought bubbles, no tooltips, no help balloons, no UI tips, no callout boxes, no caption boxes, no chat bubbles, no watermarks, no logos, no Hangul, no Korean characters, no Korean written text on image, no hanbok, no Korean traditional clothing, no jeogori, no chima, no Japanese text on image, no English text on image, no Latin letters on image, no Chinese hanzi on image, no written text, no letters, no captions, no signs with readable writing, distinct individualized faces matching Character Bible Face Identity, each character visually unique, NOT generic bishonen, NOT same face as other disciples, expression f…
============================================================
[2026-08-28 20:43:06] limit · SRT_1400
error: AI Image 한도 - 재설정 2026-08-29 01:14
extra: streak=1 reset_at=2026-08-29 01:14
--- page ---
AI Image 5시간 제한에 도달했습니다. 8월 29일 오전 1:14에 재설정됩니다 --- 5시간 제한 --- 세션 한도 도달 AI Image 5시간 제한에 도달했습니다. 8월 29일 오전 1:14에 재설정됩니다 OK --- 세션 한도 도달
