============================================================
[2026-08-28 00:00:34] limit · SRT_380
error: AI Image 한도 - 재설정 2026-08-28 01:13
extra: reset_at=2026-08-28 01:13
--- page ---
AI Image 5시간 제한에 도달했습니다. 8월 28일 오전 1:13에 재설정됩니다
---
5시간 제한
---
 defined jawline, youthful East-Asian face with ancient weary eyes, cool fair skin with porcelain complexion, slender wiry physique, calm unreadable expression, jet-black waist-length hair in warrior topknot with jade hairpin, white Huashan pale-teal robes with fresh blood spatters on chest and sleeves, silver plum embroidery, dark blue sash, refined jian, optional light blood on cheek, no deep wound, slender wiry build, calm unreadable expression
Namgung Rin, approximately nineteen years old, quiet sharp-eyed East-Asian youth from a fallen clan branch, tall thin pale complexion, long narrow cold analytical eyes, dark hair in low ponytail with plain black cord and a single white mourning ribbon, neat gray branch-disciple robes, thin straight sword at back
Always preserve facial identity: same face, sharp narrow phoenix eyes, high straight nose, thin lips, defined jawline, youthful East-Asian face with ancient weary eyes, cool fair skin with porcelain complexion, slender wiry swordsman physique, calm unreadable expression (unless emotion scene). Hair, robe damage, blood, and wounds must follow the State Layer only — do not invent random outfit changes. Do not change facial identity, eye shape, or physique across scenes.

===== SRT [380, 400) =====
그의 눈에는 불안이 있었다. 이번에는 사흘이
아닌 이틀 반 만에 초원에 도착했다. 진무한의
경신술이 또 한 단계 올랐다. 초원에서의
실전이, 그리고 그 이후의 수련이 몸의 한계를
밀어붙인 결과였다. 초원에 도착했을 때, 풍경이
달랐다. 한 달 전의 호수 뒤편 동굴이
아니었다. 남궁호의 전서에 위치가 적혀…
============================================================
[2026-08-28 00:00:34] limit · SRT_380
error: AI Image 한도 - 재설정 2026-08-28 01:13
extra: streak=1 reset_at=2026-08-28 01:13
--- page ---
AI Image 5시간 제한에 도달했습니다. 8월 28일 오전 1:13에 재설정됩니다 --- 5시간 제한 --- r style, or robe colors arbitrarily. No text, speech bubbles, bubble, to
============================================================
[2026-08-30 08:49:35] limit · SRT_860
error: AI Image 한도 - 재설정 2026-08-30 13:35
extra: reset_at=2026-08-30 13:35
--- page ---
AI Image 5시간 제한에 도달했습니다. 8월 30일 오후 1:35에 재설정됩니다
---
5시간 제한
---
세션 한도 도달
AI Image 5시간 제한에 도달했습니다. 8월 30일 오후 1:35에 재설정됩니다
OK
---
세션 한도 도달
AI Image 5시간 제한에 도달했습니다. 8월 30일 오후 1:35에 재설정됩니다
OK
---
5시간 제한
---
t cel-shaded coloring, flowing ancient Chinese hanfu robes, ornate jian sword ornaments and swirling qi energy effects, cinematic high-contrast lighting with mystical cyan/crimson/golden aura, classic Chinese manhua panel composition, epic mountain-river jianghu backdrop, 16:9 aspect ratio, ultra high resolution digital manhua art, no Studio Ghibli style, no Korean manhwa, no Japanese anime, no 3D render, no flat cartoon, no photoreal, no live-action photo, no speech bubbles, no comic balloons, no dialogue balloons, no thought bubbles, no tooltips, no help balloons, no UI tips, no callout boxes, no caption boxes, no chat bubbles, no watermarks, no logos, no Hangul, no Korean characters, no Korean written text on image, no hanbok, no Korean traditional clothing, no jeogori, no chima, no Japanese text on image, no English text on image, no Latin letters on image, no Chinese hanzi on image, no written text, no letters, no captions, no signs with readable writing, distinct individualized faces matching Character Bible Face Identity, each character visually unique, NOT generic bishonen, NOT same face as other disciples, expression follows each character's Face Identity (not uniform heroic pretty-boy look)

SRT_860 Chinese wuxia manhua illustration — generate this scene now. Keep Fac…
============================================================
[2026-08-30 08:49:35] limit · SRT_860
error: AI Image 한도 - 재설정 2026-08-30 13:35
extra: streak=1 reset_at=2026-08-30 13:35
--- page ---
AI Image 5시간 제한에 도달했습니다. 8월 30일 오후 1:35에 재설정됩니다 --- 5시간 제한 --- 세션 한도 도달 AI Image 5시간 제한에 도달했습니다. 8월 30일 오후 1:35에 재설정됩니다 OK --- 세션 한도 도달
