============================================================
[2026-08-25 23:15:44] limit · SRT_100
error: AI Image 한도 - 재설정 2026-08-26 02:56
extra: reset_at=2026-08-26 02:56
--- page ---
AI Image 5시간 제한에 도달했습니다. 8월 26일 오전 2:56에 재설정됩니다
---
5시간 제한
---
세션 한도 도달
AI Image 5시간 제한에 도달했습니다. 8월 26일 오전 2:56에 재설정됩니다
OK
---
세션 한도 도달
AI Image 5시간 제한에 도달했습니다. 8월 26일 오전 2:56에 재설정됩니다
OK
---
5시간 제한
---
d, slender wiry build, calm unreadable expression
Han Baekgang, approximately nineteen years old, lean East-Asian youth with a deceptively warm smile hiding assassin coldness, slightly tanned skin, wolf-like slanted eyes with faint red iris undertone, thick straight eyebrows, small scar under left ear, deceptively warm smile, lean athletic build, same face and ponytail, gray-black robes with blood spatters, red collar lining visible, White Night, optional jade shard, athletic agile build
Namgung Rin, approximately nineteen years old, quiet sharp-eyed East-Asian youth from a fallen clan branch, tall thin pale complexion, long narrow cold analytical eyes, dark hair in low ponytail with plain black cord and a single white mourning ribbon, neat gray branch-disciple robes, thin straight sword at back
Always preserve facial identity: same face, sharp narrow phoenix eyes, high straight nose, thin lips, defined jawline, youthful East-Asian face with ancient weary eyes, cool fair skin with porcelain complexion, slender wiry swordsman physique, calm unreadable expression (unless emotion scene). Hair, robe damage, blood, and wounds must follow the State Layer only — do not invent random outfit changes. Do not change facial identity, eye shape, or physique across scenes.

===== SRT [100, 1…
============================================================
[2026-08-25 23:15:44] limit · SRT_100
error: AI Image 한도 - 재설정 2026-08-26 02:56
extra: streak=1 reset_at=2026-08-26 02:56
--- page ---
AI Image 5시간 제한에 도달했습니다. 8월 26일 오전 2:56에 재설정됩니다 --- 5시간 제한 --- 세션 한도 도달 AI Image 5시간 제한에 도달했습니다. 8월 26일 오전 2:56에 재설정됩니다 OK --- 세션 한도 도달
============================================================
[2026-08-25 23:20:25] limit · SRT_100
error: AI Image 한도 - 재설정 2026-08-26 02:56
extra: reset_at=2026-08-26 02:56
--- page ---
AI Image 5시간 제한에 도달했습니다. 8월 26일 오전 2:56에 재설정됩니다
---
5시간 제한
---
 blue sash, refined jian, optional light blood on cheek, no deep wound, slender wiry build, calm unreadable expression
Han Baekgang, approximately nineteen years old, lean East-Asian youth with a deceptively warm smile hiding assassin coldness, slightly tanned skin, wolf-like slanted eyes with faint red iris undertone, thick straight eyebrows, small scar under left ear, deceptively warm smile, lean athletic build, same face and ponytail, gray-black robes with blood spatters, red collar lining visible, White Night, optional jade shard, athletic agile build
Namgung Rin, approximately nineteen years old, quiet sharp-eyed East-Asian youth from a fallen clan branch, tall thin pale complexion, long narrow cold analytical eyes, dark hair in low ponytail with plain black cord and a single white mourning ribbon, neat gray branch-disciple robes, thin straight sword at back
Always preserve facial identity: same face, sharp narrow phoenix eyes, high straight nose, thin lips, defined jawline, youthful East-Asian face with ancient weary eyes, cool fair skin with porcelain complexion, slender wiry swordsman physique, calm unreadable expression (unless emotion scene). Hair, robe damage, blood, and wounds must follow the State Layer only — do not invent random outfit changes. Do not change facial identity, eye shape, or physique across scenes.

===== SRT [100, 120) =====
처음 눈치챈 것은 한백강이었다. 형. 남궁준이
요즘 이상하오. 한백강이 진무한을 찾아온
것은 안무현에서 돌아…
============================================================
[2026-08-25 23:20:25] limit · SRT_100
error: AI Image 한도 - 재설정 2026-08-26 02:56
extra: streak=1 reset_at=2026-08-26 02:56
--- page ---
AI Image 5시간 제한에 도달했습니다. 8월 26일 오전 2:56에 재설정됩니다 --- 5시간 제한 --- New AI 이미지 홈 Skills 세컨드 브레인 더보기 SRT_100 무협 만화 장면 생성 요청 공유 ===== CHARAC
============================================================
[2026-08-25 23:21:27] limit · SRT_100
error: AI Image 한도 - 재설정 2026-08-26 02:56
extra: reset_at=2026-08-26 02:56
--- page ---
AI Image 5시간 제한에 도달했습니다. 8월 26일 오전 2:56에 재설정됩니다
---
5시간 제한
---
세션 한도 도달
AI Image 5시간 제한에 도달했습니다. 8월 26일 오전 2:56에 재설정됩니다
OK
---
세션 한도 도달
AI Image 5시간 제한에 도달했습니다. 8월 26일 오전 2:56에 재설정됩니다
OK
---
5시간 제한
---
o deep wound, slender wiry build, calm unreadable expression
Han Baekgang, approximately nineteen years old, lean East-Asian youth with a deceptively warm smile hiding assassin coldness, slightly tanned skin, wolf-like slanted eyes with faint red iris undertone, thick straight eyebrows, small scar under left ear, deceptively warm smile, lean athletic build, same face and ponytail, gray-black robes with blood spatters, red collar lining visible, White Night, optional jade shard, athletic agile build
Namgung Rin, approximately nineteen years old, quiet sharp-eyed East-Asian youth from a fallen clan branch, tall thin pale complexion, long narrow cold analytical eyes, dark hair in low ponytail with plain black cord and a single white mourning ribbon, neat gray branch-disciple robes, thin straight sword at back
Always preserve facial identity: same face, sharp narrow phoenix eyes, high straight nose, thin lips, defined jawline, youthful East-Asian face with ancient weary eyes, cool fair skin with porcelain complexion, slender wiry swordsman physique, calm unreadable expression (unless emotion scene). Hair, robe damage, blood, and wounds must follow the State Layer only — do not invent random outfit changes. Do not change facial identity, eye shape, or physique across scenes.

===== …
============================================================
[2026-08-25 23:21:27] limit · SRT_100
error: AI Image 한도 - 재설정 2026-08-26 02:56
extra: streak=1 reset_at=2026-08-26 02:56
--- page ---
AI Image 5시간 제한에 도달했습니다. 8월 26일 오전 2:56에 재설정됩니다 --- 5시간 제한 --- 세션 한도 도달 AI Image 5시간 제한에 도달했습니다. 8월 26일 오전 2:56에 재설정됩니다 OK --- 세션 한도 도달
============================================================
[2026-08-26 03:24:46] limit · SRT_1400
error: AI Image 한도 감지
--- page ---
5시간 제한에 근접했습니다.
---
youth from a fallen clan branch, tall thin pale complexion, long narrow cold analytical eyes, dark hair in low ponytail with plain black cord and a single white mourning ribbon, neat gray branch-disciple robes, thin straight sword at back
Always preserve facial identity: same face, sharp narrow phoenix eyes, high straight nose, thin lips, defined jawline, youthful East-Asian face with ancient weary eyes, cool fair skin with porcelain complexion, slender wiry swordsman physique, calm unreadable expression (unless emotion scene). Hair, robe damage, blood, and wounds must follow the State Layer only — do not invent random outfit changes. Do not change facial identity, eye shape, or physique across scenes.

===== SRT [1400, 1420) =====
않았다. 제자들의 검 소리, 장로들의 강학,
여름 수련의 일정. 모든 것이 평범했다.
그러나 그 평범함의 안쪽에서, 보이지 않는
시선들이 교차하고 있었다. 진무한의 눈이
남궁준을 관찰하고. 한백강의 귀가 엄중산의
서재를 감시하고. 남궁호의 발이 자양촌의
주막을 향해 움직이고. 남궁린의 마음이,

===== STYLE =====
Chinese wuxia manhua (중국 무협 만화) style illustration, classic Chinese manhua panel composition, 16:9 aspect ratio, ultra high resolution digital manhua art, no text, no speech bubbles, no Hangul on image

SRT_1400 Chinese wuxia manhua illustration — generate this scene now. Keep Face Identity and State keys in CHARACTER LOOK identical to the previous current-timeline scene unless dialogue changed hair/robe/wound; only pose, action, camera, and background may change. Do NOT redesign face, hair style, or robe colors arbitrarily. No text, speech bubbles…
============================================================
[2026-08-26 03:24:46] limit · SRT_1400
error: AI Image 한도 감지
extra: streak=1
--- page ---
5시간 제한에 근접했습니다. --- ry eyes, cool fair skin with porcelain complexion, slender wiry physique, calm unreadable expression, jet-
============================================================
[2026-08-26 04:25:25] limit · SRT_1400
error: AI Image 한도 감지
--- page ---
5시간 제한에 근접했습니다.
---
m embroidery, dark blue sash, refined jian, optional light blood on cheek, no deep wound, slender wiry build, calm unreadable expression
Han Baekgang, approximately nineteen years old, lean East-Asian youth with a deceptively warm smile hiding assassin coldness, slightly tanned skin, wolf-like slanted eyes with faint red iris undertone, thick straight eyebrows, small scar under left ear, deceptively warm smile, lean athletic build, same face and ponytail, gray-black robes with blood spatters, red collar lining visible, White Night, optional jade shard, athletic agile build
Namgung Rin, approximately nineteen years old, quiet sharp-eyed East-Asian youth from a fallen clan branch, tall thin pale complexion, long narrow cold analytical eyes, dark hair in low ponytail with plain black cord and a single white mourning ribbon, neat gray branch-disciple robes, thin straight sword at back
Always preserve facial identity: same face, sharp narrow phoenix eyes, high straight nose, thin lips, defined jawline, youthful East-Asian face with ancient weary eyes, cool fair skin with porcelain complexion, slender wiry swordsman physique, calm unreadable expression (unless emotion scene). Hair, robe damage, blood, and wounds must follow the State Layer only — do not invent random outfit changes. Do not change facial identity, eye shape, or physique across scenes.

===== SRT [1400, 1420) =====
않았다. 제자들의 검 소리, 장로들의 강학,
여름 수련의 일정. 모든 것이 평범했다.
그러나 그 평범함의 안쪽에서, 보이지 않는
시선들이 교차하고 있…
============================================================
[2026-08-26 04:25:25] limit · SRT_1400
error: AI Image 한도 감지
extra: streak=1
--- page ---
5시간 제한에 근접했습니다. --- New AI 이미지 홈 Skills 세컨드 브레인 더보기 SRT_1400 무협 만화 스타일 일러스트 생성 요청 공유 pasted-text-1787685902565.txt 102.04 KB
============================================================
[2026-08-26 04:39:55] limit · SRT_1400
error: AI Image 한도 감지
--- page ---
5시간 제한에 근접했습니다.
---
ned jian, optional light blood on cheek, no deep wound, slender wiry build, calm unreadable expression
Han Baekgang, approximately nineteen years old, lean East-Asian youth with a deceptively warm smile hiding assassin coldness, slightly tanned skin, wolf-like slanted eyes with faint red iris undertone, thick straight eyebrows, small scar under left ear, deceptively warm smile, lean athletic build, same face and ponytail, gray-black robes with blood spatters, red collar lining visible, White Night, optional jade shard, athletic agile build
Namgung Rin, approximately nineteen years old, quiet sharp-eyed East-Asian youth from a fallen clan branch, tall thin pale complexion, long narrow cold analytical eyes, dark hair in low ponytail with plain black cord and a single white mourning ribbon, neat gray branch-disciple robes, thin straight sword at back
Always preserve facial identity: same face, sharp narrow phoenix eyes, high straight nose, thin lips, defined jawline, youthful East-Asian face with ancient weary eyes, cool fair skin with porcelain complexion, slender wiry swordsman physique, calm unreadable expression (unless emotion scene). Hair, robe damage, blood, and wounds must follow the State Layer only — do not invent random outfit changes. Do not change facial identity, eye shape, or physique across scenes.

===== SRT [1400, 1420) =====
않았다. 제자들의 검 소리, 장로들의 강학,
여름 수련의 일정. 모든 것이 평범했다.
그러나 그 평범함의 안쪽에서, 보이지 않는
시선들이 교차하고 있었다. 진무한의 눈이
남궁준을 관찰하고. 한백강의 귀가 엄중산…
============================================================
[2026-08-26 04:39:55] limit · SRT_1400
error: AI Image 한도 감지
extra: streak=1
--- page ---
5시간 제한에 근접했습니다. --- New AI 이미지 홈 Skills 세컨드 브레인 더보기 SRT_1400 무협 만화 스타일 일러스트 생성 요청 공유 pasted-text-1787686773159.txt 102.04 KB
============================================================
[2026-08-26 04:41:00] limit · SRT_1400
error: AI Image 한도 감지
--- page ---
5시간 제한에 근접했습니다.
---
unreadable expression
Han Baekgang, approximately nineteen years old, lean East-Asian youth with a deceptively warm smile hiding assassin coldness, slightly tanned skin, wolf-like slanted eyes with faint red iris undertone, thick straight eyebrows, small scar under left ear, deceptively warm smile, lean athletic build, same face and ponytail, gray-black robes with blood spatters, red collar lining visible, White Night, optional jade shard, athletic agile build
Namgung Rin, approximately nineteen years old, quiet sharp-eyed East-Asian youth from a fallen clan branch, tall thin pale complexion, long narrow cold analytical eyes, dark hair in low ponytail with plain black cord and a single white mourning ribbon, neat gray branch-disciple robes, thin straight sword at back
Always preserve facial identity: same face, sharp narrow phoenix eyes, high straight nose, thin lips, defined jawline, youthful East-Asian face with ancient weary eyes, cool fair skin with porcelain complexion, slender wiry swordsman physique, calm unreadable expression (unless emotion scene). Hair, robe damage, blood, and wounds must follow the State Layer only — do not invent random outfit changes. Do not change facial identity, eye shape, or physique across scenes.

===== SRT [1400, 1420) =====
않았다. 제자들의 검 소리, 장로들의 강학,
여름 수련의 일정. 모든 것이 평범했다.
그러나 그 평범함의 안쪽에서, 보이지 않는
시선들이 교차하고 있었다. 진무한의 눈이
남궁준을 관찰하고. 한백강의 귀가 엄중산의
서재를 감시하고. 남궁호의 발이 자양촌의
주막을 향해 움직이고. 남궁린의 마음이,

===== STYLE =====
Chinese wuxia …
============================================================
[2026-08-26 04:41:00] limit · SRT_1400
error: AI Image 한도 감지
extra: streak=1
--- page ---
5시간 제한에 근접했습니다. --- New AI 이미지 홈 Skills 세컨드 브레인 더보기 SRT_1400 무협 만화 스타일 일러스트 생성 요청 공유 pasted-text-1787686837502.txt 102.04 KB
============================================================
[2026-08-26 04:44:19] limit · SRT_1420
error: AI Image 한도 - 재설정 2026-08-26 07:57
extra: reset_at=2026-08-26 07:57
--- page ---
AI Image 5시간 제한에 도달했습니다. 8월 26일 오전 7:57에 재설정됩니다
---
5시간 제한
---
hua panel composition, 16:9 aspect ratio, ultra high resolution digital manhua art, no text, no speech bubbles, no Hangul on image

SRT_1400 Chinese wuxia manhua illustration — generate this scene now. Keep Face Identity and State keys in CHARACTER LOOK identical to the previous current-timeline scene unless dialogue chang

ed hair/robe/wound; only pose, action, camera, and background may change. Do NOT redesign face, hair style, or robe colors arbitrarily. No text, speech bubbles, bubble, tooltip, or callout in the image. After the image appears, output exactly one line: 「SRT_1400 이미지가 성공적으로 생성되었습니다.」 Do not write success text without the image. If generation fails, short error only. No summary, verification table, continuation, or background guide.
모델 정보 가져오기
SRT_1400 이미지 생성 진행

프롬프트 작성 및 모델 선택 완료. nano-banana-2-flash-lite 모델을 사용하여 중국 무협 만화 스타일의 명문파 화산파 중앙 광장 장면을 생성합니다.

이미지 생성
5시간 제한에 근접했습니다.
Nano Banana 2 Flash Lite
재생성
리믹스
이미지를 동영상으로

SRT_1400 이미지가 백그라운드에서 생성 중입니다(task_id: e0ae75c4-a894-4c73-963f-9bbb96e7ba90). 완료되면 결과가 자동으로 표시됩니다.

===== CHARACTER LOOK (SRT_1420) =====
State keys: Namgung|base
Namgung Rin, approximately nineteen years old, quiet sharp-eyed East-Asian youth from a fallen clan branch, tall thin pale complexion, long narrow cold analytical eyes, dark hair in low ponytail with plain black cord and a single white mourning ribbon, neat gray branch-disciple robes, thin straight sword at back

=====…
============================================================
[2026-08-26 04:44:19] limit · SRT_1420
error: AI Image 한도 - 재설정 2026-08-26 07:57
extra: streak=1 reset_at=2026-08-26 07:57
--- page ---
AI Image 5시간 제한에 도달했습니다. 8월 26일 오전 7:57에 재설정됩니다 --- 5시간 제한 --- New AI 이미지 홈 Skills 세컨드 브레인 더보기 SRT_1400 무협 만화 스타일 일러스트 생성 요청 공유 pasted-
============================================================
[2026-08-26 04:44:39] limit · SRT_1431
error: AI Image 한도 - 재설정 2026-08-26 07:57
extra: reset_at=2026-08-26 07:57
--- page ---
AI Image 5시간 제한에 도달했습니다. 8월 26일 오전 7:57에 재설정됩니다
---
5시간 제한
---
세션 한도 도달
AI Image 5시간 제한에 도달했습니다. 8월 26일 오전 7:57에 재설정됩니다
OK
---
세션 한도 도달
AI Image 5시간 제한에 도달했습니다. 8월 26일 오전 7:57에 재설정됩니다
OK
---
5시간 제한
---
s arbitrarily. No text, speech bubbles, bubble, tooltip, or callout in the image. After the image appears, output

 exactly one line: 「SRT_1420 이미지가 성공적으로 생성되었습니다.」 Do not write success text without the image. If generation fails, short error only. No summary, verification table, continuation, or background guide.
이미지 생성
===== CHARACTER LOOK (SRT_1431) =====
State keys: Jin≈19|blood_robe
Jin Muhan, approximately nineteen years old, East-Asian young swordsman, sharp narrow phoenix eyes, high straight nose, thin lips, defined jawline, youthful East-Asian face with ancient weary eyes, cool fair skin with porcelain complexion, slender wiry physique, calm unreadable expression, jet-black waist-length hair in warrior topknot with jade hairpin, white Huashan pale-teal robes with fresh blood spatters on chest and sleeves, silver plum embroidery, dark blue sash, refined jian, optional light blood on cheek, no deep wound, slender wiry build, calm unreadable expression
Always preserve facial identity: same face, sharp narrow phoenix eyes, high straight nose, thin lips, defined jawline, youthful East-Asian face with ancient weary eyes, cool fair skin with porcelain complexion, slender wiry swordsman physique, calm unreadable expression (unless emotion scene). Hair, robe damage, blood, and …
============================================================
[2026-08-26 04:44:39] limit · SRT_1431
error: AI Image 한도 - 재설정 2026-08-26 07:57
extra: streak=2 reset_at=2026-08-26 07:57
--- page ---
AI Image 5시간 제한에 도달했습니다. 8월 26일 오전 7:57에 재설정됩니다 --- 5시간 제한 --- 세션 한도 도달 AI Image 5시간 제한에 도달했습니다. 8월 26일 오전 7:57에 재설정됩니다 OK --- 세션 한도 도달
============================================================
[2026-08-26 04:46:10] limit · SRT_1420
error: AI Image 한도 - 재설정 2026-08-26 07:57
extra: reset_at=2026-08-26 07:57
--- page ---
AI Image 5시간 제한에 도달했습니다. 8월 26일 오전 7:57에 재설정됩니다
---
5시간 제한
---
세션 한도 도달
AI Image 5시간 제한에 도달했습니다. 8월 26일 오전 7:57에 재설정됩니다
OK
---
세션 한도 도달
AI Image 5시간 제한에 도달했습니다. 8월 26일 오전 7:57에 재설정됩니다
OK
---
5시간 제한
---
New
AI 이미지
홈
Skills
세컨드 브레인
더보기
SRT_1420 남궁린 무협 만화 스타일 일러스트 제작 요청
공유
pasted-text-1787687148526.txt
102.04 KB

===== CHARACTER LOOK (SRT_1420) =====
State keys: Namgung|base
Namgung Rin, approximately nineteen years old, quiet sharp-eyed East-Asian youth from a fallen clan branch, tall thin pale complexion, long narrow cold analytical eyes, dark hair in low ponytail with plain black cord and a single white mourning ribbon, neat gray branch-disciple robes, thin straight sword at back

===== SRT [1420, 1440) =====
주막을 향해 움직이고. 남궁린의 마음이,
혈육과 의 사이에서 조용히 흔들리고. 아홉 속의
둘. 그 둘의 정체가 드러나는 날이, 조금씩
가까워지고 있었다.

===== STYLE =====
Chinese wuxia manhua (중국 무협 만화) style illustration, classic Chinese manhua panel composition, 16:9 aspect ratio, ultra high resolution digital manhua art, no text, no speech bubbles, no Hangul on image

SRT_1420 Chinese wuxia manhua illustration — generate this scene now. Keep Face Identity and State keys in CHARACTER LOOK identical to the previous current-timeline scene unless dialogue chang

ed hair/robe/wound; only pose, action, camera, and background may change. Do NOT redesign face, hair style, or robe colors arbitrarily. No text, speech bubbles, bubble, tooltip, or callout in the image. After the image appears, output exactly one line: 「SRT_1420 이미지가 성공적으로 생성되었습…
============================================================
[2026-08-26 04:46:10] limit · SRT_1420
error: AI Image 한도 - 재설정 2026-08-26 07:57
extra: streak=1 reset_at=2026-08-26 07:57
--- page ---
AI Image 5시간 제한에 도달했습니다. 8월 26일 오전 7:57에 재설정됩니다 --- 5시간 제한 --- 세션 한도 도달 AI Image 5시간 제한에 도달했습니다. 8월 26일 오전 7:57에 재설정됩니다 OK --- 세션 한도 도달
