08:53
세션 준비 — login=OK filled=True model=Nano Banana Pro profile=Default

08:57
SRT_000 실패: Page.wait_for_timeout: Target page, context or browser has been closed

08:57
오류: Page.wait_for_timeout: Target page, context or browser has been closed

09:01
세션 준비 — login=OK filled=True model=Nano Banana Pro profile=Default

09:04
SRT_000 생성 완료 (attempt=2)
C:\무협극장\검신귀환록\png\SRT_000.png

09:33
세션 준비 — login=OK filled=True model=Nano Banana Pro ChromeDebug=C:\ChromeDebug port=9222

09:33
SRT_000 생성 완료 (attempt=1)
C:\무협극장\검신귀환록\png\SRT_000.png

09:33
SRT_030 생성 완료 (attempt=1)
C:\무협극장\검신귀환록\png\SRT_030.png

09:33
SRT_060 생성 완료 (attempt=1)
C:\무협극장\검신귀환록\png\SRT_060.png

09:34
SRT_090 생성 완료 (attempt=1)
C:\무협극장\검신귀환록\png\SRT_090.png

09:34
SRT_120 생성 완료 (attempt=1)
C:\무협극장\검신귀환록\png\SRT_120.png

09:34
SRT_150 실패: Page.wait_for_timeout: Target page, context or browser has been closed

09:34
오류: Page.wait_for_timeout: Target page, context or browser has been closed

09:46
기존 PNG 건너뜀 — SRT_000.png, SRT_030.png, SRT_060.png, SRT_090.png, SRT_120.png

09:47
세션 준비 — login=OK filled=False model=Nano Banana Pro ChromeDebug=C:\ChromeDebug port=9222 skip=5 todo=14

09:47
SRT_150 생성 완료 (attempt=1)
C:\무협극장\검신귀환록\png\SRT_150.png

09:47
SRT_180 생성 완료 (attempt=1)
C:\무협극장\검신귀환록\png\SRT_180.png

09:48
SRT_210 생성 완료 (attempt=1)
C:\무협극장\검신귀환록\png\SRT_210.png

09:48
SRT_240 생성 완료 (attempt=1)
C:\무협극장\검신귀환록\png\SRT_240.png

09:48
SRT_270 생성 완료 (attempt=1)
C:\무협극장\검신귀환록\png\SRT_270.png

09:49
SRT_300 생성 완료 (attempt=1)
C:\무협극장\검신귀환록\png\SRT_300.png

09:49
SRT_330 생성 완료 (attempt=1)
C:\무협극장\검신귀환록\png\SRT_330.png

09:49
SRT_360 생성 완료 (attempt=1)
C:\무협극장\검신귀환록\png\SRT_360.png

09:50
SRT_390 생성 완료 (attempt=1)
C:\무협극장\검신귀환록\png\SRT_390.png

09:50
SRT_420 생성 완료 (attempt=1)
C:\무협극장\검신귀환록\png\SRT_420.png

09:50
SRT_450 생성 완료 (attempt=1)
C:\무협극장\검신귀환록\png\SRT_450.png

09:51
SRT_480 생성 완료 (attempt=1)
C:\무협극장\검신귀환록\png\SRT_480.png

09:51
SRT_510 생성 완료 (attempt=1)
C:\무협극장\검신귀환록\png\SRT_510.png

09:51
SRT_540 생성 완료 (attempt=1)
C:\무협극장\검신귀환록\png\SRT_540.png

11:14
세션 준비 — login=OK filled=False model=Nano Banana Pro ChromeDebug=C:\ChromeDebug port=9222 skip=0 todo=19

11:14
SRT_000 생성 완료 (attempt=1)
C:\무협극장\검신귀환록\png\SRT_000.png

11:14
SRT_030 생성 완료 (attempt=1)
C:\무협극장\검신귀환록\png\SRT_030.png

11:15
SRT_060 생성 완료 (attempt=1)
C:\무협극장\검신귀환록\png\SRT_060.png

11:15
SRT_090 생성 완료 (attempt=1)
C:\무협극장\검신귀환록\png\SRT_090.png

11:16
SRT_120 생성 완료 (attempt=1)
C:\무협극장\검신귀환록\png\SRT_120.png

11:16
SRT_150 생성 완료 (attempt=1)
C:\무협극장\검신귀환록\png\SRT_150.png

11:17
SRT_180 생성 완료 (attempt=1)
C:\무협극장\검신귀환록\png\SRT_180.png

11:17
SRT_210 생성 완료 (attempt=1)
C:\무협극장\검신귀환록\png\SRT_210.png

11:17
SRT_240 생성 완료 (attempt=1)
C:\무협극장\검신귀환록\png\SRT_240.png

11:18
SRT_270 생성 완료 (attempt=1)
C:\무협극장\검신귀환록\png\SRT_270.png

11:18
SRT_300 생성 완료 (attempt=1)
C:\무협극장\검신귀환록\png\SRT_300.png

11:18
SRT_330 생성 완료 (attempt=1)
C:\무협극장\검신귀환록\png\SRT_330.png

11:19
SRT_360 생성 완료 (attempt=2)
C:\무협극장\검신귀환록\png\SRT_360.png

11:20
SRT_390 생성 완료 (attempt=1)
C:\무협극장\검신귀환록\png\SRT_390.png

11:20
SRT_420 생성 완료 (attempt=1)
C:\무협극장\검신귀환록\png\SRT_420.png

11:21
SRT_450 생성 완료 (attempt=1)
C:\무협극장\검신귀환록\png\SRT_450.png

11:21
SRT_480 생성 완료 (attempt=1)
C:\무협극장\검신귀환록\png\SRT_480.png

11:21
SRT_510 생성 완료 (attempt=1)
C:\무협극장\검신귀환록\png\SRT_510.png

11:22
SRT_540 생성 완료 (attempt=1)
C:\무협극장\검신귀환록\png\SRT_540.png

