============================================================
[2026-08-25 23:15:44] limit · SRT_100
error: AI Image 한도 - 재설정 2026-08-26 02:56
extra: reset_at=2026-08-26 02:56
--- page ---
AI Image 5시간 제한에 도달했습니다. 8월 26일 오전 2:56에 재설정됩니다
---
5시간 제한
---
세션 한도 도달
AI Image 5시간 제한에 도달했습니다. 8월 26일 오전 2:56에 재설정됩니다
OK
---
세션 한도 도달
AI Image 5시간 제한에 도달했습니다. 8월 26일 오전 2:56에 재설정됩니다
OK
---
5시간 제한
---
d, slender wiry build, calm unreadable expression
Han Baekgang, approximately nineteen years old, lean East-Asian youth with a deceptively warm smile hiding assassin coldness, slightly tanned skin, wolf-like slanted eyes with faint red iris undertone, thick straight eyebrows, small scar under left ear, deceptively warm smile, lean athletic build, same face and ponytail, gray-black robes with blood spatters, red collar lining visible, White Night, optional jade shard, athletic agile build
Namgung Rin, approximately nineteen years old, quiet sharp-eyed East-Asian youth from a fallen clan branch, tall thin pale complexion, long narrow cold analytical eyes, dark hair in low ponytail with plain black cord and a single white mourning ribbon, neat gray branch-disciple robes, thin straight sword at back
Always preserve facial identity: same face, sharp narrow phoenix eyes, high straight nose, thin lips, defined jawline, youthful East-Asian face with ancient weary eyes, cool fair skin with porcelain complexion, slender wiry swordsman physique, calm unreadable expression (unless emotion scene). Hair, robe damage, blood, and wounds must follow the State Layer only — do not invent random outfit changes. Do not change facial identity, eye shape, or physique across scenes.

===== SRT [100, 1…
============================================================
[2026-08-25 23:15:44] limit · SRT_100
error: AI Image 한도 - 재설정 2026-08-26 02:56
extra: streak=1 reset_at=2026-08-26 02:56
--- page ---
AI Image 5시간 제한에 도달했습니다. 8월 26일 오전 2:56에 재설정됩니다 --- 5시간 제한 --- 세션 한도 도달 AI Image 5시간 제한에 도달했습니다. 8월 26일 오전 2:56에 재설정됩니다 OK --- 세션 한도 도달
============================================================
[2026-08-25 23:20:25] limit · SRT_100
error: AI Image 한도 - 재설정 2026-08-26 02:56
extra: reset_at=2026-08-26 02:56
--- page ---
AI Image 5시간 제한에 도달했습니다. 8월 26일 오전 2:56에 재설정됩니다
---
5시간 제한
---
 blue sash, refined jian, optional light blood on cheek, no deep wound, slender wiry build, calm unreadable expression
Han Baekgang, approximately nineteen years old, lean East-Asian youth with a deceptively warm smile hiding assassin coldness, slightly tanned skin, wolf-like slanted eyes with faint red iris undertone, thick straight eyebrows, small scar under left ear, deceptively warm smile, lean athletic build, same face and ponytail, gray-black robes with blood spatters, red collar lining visible, White Night, optional jade shard, athletic agile build
Namgung Rin, approximately nineteen years old, quiet sharp-eyed East-Asian youth from a fallen clan branch, tall thin pale complexion, long narrow cold analytical eyes, dark hair in low ponytail with plain black cord and a single white mourning ribbon, neat gray branch-disciple robes, thin straight sword at back
Always preserve facial identity: same face, sharp narrow phoenix eyes, high straight nose, thin lips, defined jawline, youthful East-Asian face with ancient weary eyes, cool fair skin with porcelain complexion, slender wiry swordsman physique, calm unreadable expression (unless emotion scene). Hair, robe damage, blood, and wounds must follow the State Layer only — do not invent random outfit changes. Do not change facial identity, eye shape, or physique across scenes.

===== SRT [100, 120) =====
처음 눈치챈 것은 한백강이었다. 형. 남궁준이
요즘 이상하오. 한백강이 진무한을 찾아온
것은 안무현에서 돌아…
============================================================
[2026-08-25 23:20:25] limit · SRT_100
error: AI Image 한도 - 재설정 2026-08-26 02:56
extra: streak=1 reset_at=2026-08-26 02:56
--- page ---
AI Image 5시간 제한에 도달했습니다. 8월 26일 오전 2:56에 재설정됩니다 --- 5시간 제한 --- New AI 이미지 홈 Skills 세컨드 브레인 더보기 SRT_100 무협 만화 장면 생성 요청 공유 ===== CHARAC
============================================================
[2026-08-25 23:21:27] limit · SRT_100
error: AI Image 한도 - 재설정 2026-08-26 02:56
extra: reset_at=2026-08-26 02:56
--- page ---
AI Image 5시간 제한에 도달했습니다. 8월 26일 오전 2:56에 재설정됩니다
---
5시간 제한
---
세션 한도 도달
AI Image 5시간 제한에 도달했습니다. 8월 26일 오전 2:56에 재설정됩니다
OK
---
세션 한도 도달
AI Image 5시간 제한에 도달했습니다. 8월 26일 오전 2:56에 재설정됩니다
OK
---
5시간 제한
---
o deep wound, slender wiry build, calm unreadable expression
Han Baekgang, approximately nineteen years old, lean East-Asian youth with a deceptively warm smile hiding assassin coldness, slightly tanned skin, wolf-like slanted eyes with faint red iris undertone, thick straight eyebrows, small scar under left ear, deceptively warm smile, lean athletic build, same face and ponytail, gray-black robes with blood spatters, red collar lining visible, White Night, optional jade shard, athletic agile build
Namgung Rin, approximately nineteen years old, quiet sharp-eyed East-Asian youth from a fallen clan branch, tall thin pale complexion, long narrow cold analytical eyes, dark hair in low ponytail with plain black cord and a single white mourning ribbon, neat gray branch-disciple robes, thin straight sword at back
Always preserve facial identity: same face, sharp narrow phoenix eyes, high straight nose, thin lips, defined jawline, youthful East-Asian face with ancient weary eyes, cool fair skin with porcelain complexion, slender wiry swordsman physique, calm unreadable expression (unless emotion scene). Hair, robe damage, blood, and wounds must follow the State Layer only — do not invent random outfit changes. Do not change facial identity, eye shape, or physique across scenes.

===== …
============================================================
[2026-08-25 23:21:27] limit · SRT_100
error: AI Image 한도 - 재설정 2026-08-26 02:56
extra: streak=1 reset_at=2026-08-26 02:56
--- page ---
AI Image 5시간 제한에 도달했습니다. 8월 26일 오전 2:56에 재설정됩니다 --- 5시간 제한 --- 세션 한도 도달 AI Image 5시간 제한에 도달했습니다. 8월 26일 오전 2:56에 재설정됩니다 OK --- 세션 한도 도달
============================================================
[2026-08-26 03:24:46] limit · SRT_1400
error: AI Image 한도 감지
--- page ---
5시간 제한에 근접했습니다.
---
youth from a fallen clan branch, tall thin pale complexion, long narrow cold analytical eyes, dark hair in low ponytail with plain black cord and a single white mourning ribbon, neat gray branch-disciple robes, thin straight sword at back
Always preserve facial identity: same face, sharp narrow phoenix eyes, high straight nose, thin lips, defined jawline, youthful East-Asian face with ancient weary eyes, cool fair skin with porcelain complexion, slender wiry swordsman physique, calm unreadable expression (unless emotion scene). Hair, robe damage, blood, and wounds must follow the State Layer only — do not invent random outfit changes. Do not change facial identity, eye shape, or physique across scenes.

===== SRT [1400, 1420) =====
않았다. 제자들의 검 소리, 장로들의 강학,
여름 수련의 일정. 모든 것이 평범했다.
그러나 그 평범함의 안쪽에서, 보이지 않는
시선들이 교차하고 있었다. 진무한의 눈이
남궁준을 관찰하고. 한백강의 귀가 엄중산의
서재를 감시하고. 남궁호의 발이 자양촌의
주막을 향해 움직이고. 남궁린의 마음이,

===== STYLE =====
Chinese wuxia manhua (중국 무협 만화) style illustration, classic Chinese manhua panel composition, 16:9 aspect ratio, ultra high resolution digital manhua art, no text, no speech bubbles, no Hangul on image

SRT_1400 Chinese wuxia manhua illustration — generate this scene now. Keep Face Identity and State keys in CHARACTER LOOK identical to the previous current-timeline scene unless dialogue changed hair/robe/wound; only pose, action, camera, and background may change. Do NOT redesign face, hair style, or robe colors arbitrarily. No text, speech bubbles…
============================================================
[2026-08-26 03:24:46] limit · SRT_1400
error: AI Image 한도 감지
extra: streak=1
--- page ---
5시간 제한에 근접했습니다. --- ry eyes, cool fair skin with porcelain complexion, slender wiry physique, calm unreadable expression, jet-
============================================================
[2026-08-26 04:25:25] limit · SRT_1400
error: AI Image 한도 감지
--- page ---
5시간 제한에 근접했습니다.
---
m embroidery, dark blue sash, refined jian, optional light blood on cheek, no deep wound, slender wiry build, calm unreadable expression
Han Baekgang, approximately nineteen years old, lean East-Asian youth with a deceptively warm smile hiding assassin coldness, slightly tanned skin, wolf-like slanted eyes with faint red iris undertone, thick straight eyebrows, small scar under left ear, deceptively warm smile, lean athletic build, same face and ponytail, gray-black robes with blood spatters, red collar lining visible, White Night, optional jade shard, athletic agile build
Namgung Rin, approximately nineteen years old, quiet sharp-eyed East-Asian youth from a fallen clan branch, tall thin pale complexion, long narrow cold analytical eyes, dark hair in low ponytail with plain black cord and a single white mourning ribbon, neat gray branch-disciple robes, thin straight sword at back
Always preserve facial identity: same face, sharp narrow phoenix eyes, high straight nose, thin lips, defined jawline, youthful East-Asian face with ancient weary eyes, cool fair skin with porcelain complexion, slender wiry swordsman physique, calm unreadable expression (unless emotion scene). Hair, robe damage, blood, and wounds must follow the State Layer only — do not invent random outfit changes. Do not change facial identity, eye shape, or physique across scenes.

===== SRT [1400, 1420) =====
않았다. 제자들의 검 소리, 장로들의 강학,
여름 수련의 일정. 모든 것이 평범했다.
그러나 그 평범함의 안쪽에서, 보이지 않는
시선들이 교차하고 있…
============================================================
[2026-08-26 04:25:25] limit · SRT_1400
error: AI Image 한도 감지
extra: streak=1
--- page ---
5시간 제한에 근접했습니다. --- New AI 이미지 홈 Skills 세컨드 브레인 더보기 SRT_1400 무협 만화 스타일 일러스트 생성 요청 공유 pasted-text-1787685902565.txt 102.04 KB
============================================================
[2026-08-26 04:39:55] limit · SRT_1400
error: AI Image 한도 감지
--- page ---
5시간 제한에 근접했습니다.
---
ned jian, optional light blood on cheek, no deep wound, slender wiry build, calm unreadable expression
Han Baekgang, approximately nineteen years old, lean East-Asian youth with a deceptively warm smile hiding assassin coldness, slightly tanned skin, wolf-like slanted eyes with faint red iris undertone, thick straight eyebrows, small scar under left ear, deceptively warm smile, lean athletic build, same face and ponytail, gray-black robes with blood spatters, red collar lining visible, White Night, optional jade shard, athletic agile build
Namgung Rin, approximately nineteen years old, quiet sharp-eyed East-Asian youth from a fallen clan branch, tall thin pale complexion, long narrow cold analytical eyes, dark hair in low ponytail with plain black cord and a single white mourning ribbon, neat gray branch-disciple robes, thin straight sword at back
Always preserve facial identity: same face, sharp narrow phoenix eyes, high straight nose, thin lips, defined jawline, youthful East-Asian face with ancient weary eyes, cool fair skin with porcelain complexion, slender wiry swordsman physique, calm unreadable expression (unless emotion scene). Hair, robe damage, blood, and wounds must follow the State Layer only — do not invent random outfit changes. Do not change facial identity, eye shape, or physique across scenes.

===== SRT [1400, 1420) =====
않았다. 제자들의 검 소리, 장로들의 강학,
여름 수련의 일정. 모든 것이 평범했다.
그러나 그 평범함의 안쪽에서, 보이지 않는
시선들이 교차하고 있었다. 진무한의 눈이
남궁준을 관찰하고. 한백강의 귀가 엄중산…
============================================================
[2026-08-26 04:39:55] limit · SRT_1400
error: AI Image 한도 감지
extra: streak=1
--- page ---
5시간 제한에 근접했습니다. --- New AI 이미지 홈 Skills 세컨드 브레인 더보기 SRT_1400 무협 만화 스타일 일러스트 생성 요청 공유 pasted-text-1787686773159.txt 102.04 KB
============================================================
[2026-08-26 04:41:00] limit · SRT_1400
error: AI Image 한도 감지
--- page ---
5시간 제한에 근접했습니다.
---
unreadable expression
Han Baekgang, approximately nineteen years old, lean East-Asian youth with a deceptively warm smile hiding assassin coldness, slightly tanned skin, wolf-like slanted eyes with faint red iris undertone, thick straight eyebrows, small scar under left ear, deceptively warm smile, lean athletic build, same face and ponytail, gray-black robes with blood spatters, red collar lining visible, White Night, optional jade shard, athletic agile build
Namgung Rin, approximately nineteen years old, quiet sharp-eyed East-Asian youth from a fallen clan branch, tall thin pale complexion, long narrow cold analytical eyes, dark hair in low ponytail with plain black cord and a single white mourning ribbon, neat gray branch-disciple robes, thin straight sword at back
Always preserve facial identity: same face, sharp narrow phoenix eyes, high straight nose, thin lips, defined jawline, youthful East-Asian face with ancient weary eyes, cool fair skin with porcelain complexion, slender wiry swordsman physique, calm unreadable expression (unless emotion scene). Hair, robe damage, blood, and wounds must follow the State Layer only — do not invent random outfit changes. Do not change facial identity, eye shape, or physique across scenes.

===== SRT [1400, 1420) =====
않았다. 제자들의 검 소리, 장로들의 강학,
여름 수련의 일정. 모든 것이 평범했다.
그러나 그 평범함의 안쪽에서, 보이지 않는
시선들이 교차하고 있었다. 진무한의 눈이
남궁준을 관찰하고. 한백강의 귀가 엄중산의
서재를 감시하고. 남궁호의 발이 자양촌의
주막을 향해 움직이고. 남궁린의 마음이,

===== STYLE =====
Chinese wuxia …
============================================================
[2026-08-26 04:41:00] limit · SRT_1400
error: AI Image 한도 감지
extra: streak=1
--- page ---
5시간 제한에 근접했습니다. --- New AI 이미지 홈 Skills 세컨드 브레인 더보기 SRT_1400 무협 만화 스타일 일러스트 생성 요청 공유 pasted-text-1787686837502.txt 102.04 KB
============================================================
[2026-08-26 04:44:19] limit · SRT_1420
error: AI Image 한도 - 재설정 2026-08-26 07:57
extra: reset_at=2026-08-26 07:57
--- page ---
AI Image 5시간 제한에 도달했습니다. 8월 26일 오전 7:57에 재설정됩니다
---
5시간 제한
---
hua panel composition, 16:9 aspect ratio, ultra high resolution digital manhua art, no text, no speech bubbles, no Hangul on image

SRT_1400 Chinese wuxia manhua illustration — generate this scene now. Keep Face Identity and State keys in CHARACTER LOOK identical to the previous current-timeline scene unless dialogue chang

ed hair/robe/wound; only pose, action, camera, and background may change. Do NOT redesign face, hair style, or robe colors arbitrarily. No text, speech bubbles, bubble, tooltip, or callout in the image. After the image appears, output exactly one line: 「SRT_1400 이미지가 성공적으로 생성되었습니다.」 Do not write success text without the image. If generation fails, short error only. No summary, verification table, continuation, or background guide.
모델 정보 가져오기
SRT_1400 이미지 생성 진행

프롬프트 작성 및 모델 선택 완료. nano-banana-2-flash-lite 모델을 사용하여 중국 무협 만화 스타일의 명문파 화산파 중앙 광장 장면을 생성합니다.

이미지 생성
5시간 제한에 근접했습니다.
Nano Banana 2 Flash Lite
재생성
리믹스
이미지를 동영상으로

SRT_1400 이미지가 백그라운드에서 생성 중입니다(task_id: e0ae75c4-a894-4c73-963f-9bbb96e7ba90). 완료되면 결과가 자동으로 표시됩니다.

===== CHARACTER LOOK (SRT_1420) =====
State keys: Namgung|base
Namgung Rin, approximately nineteen years old, quiet sharp-eyed East-Asian youth from a fallen clan branch, tall thin pale complexion, long narrow cold analytical eyes, dark hair in low ponytail with plain black cord and a single white mourning ribbon, neat gray branch-disciple robes, thin straight sword at back

=====…
============================================================
[2026-08-26 04:44:19] limit · SRT_1420
error: AI Image 한도 - 재설정 2026-08-26 07:57
extra: streak=1 reset_at=2026-08-26 07:57
--- page ---
AI Image 5시간 제한에 도달했습니다. 8월 26일 오전 7:57에 재설정됩니다 --- 5시간 제한 --- New AI 이미지 홈 Skills 세컨드 브레인 더보기 SRT_1400 무협 만화 스타일 일러스트 생성 요청 공유 pasted-
============================================================
[2026-08-26 04:44:39] limit · SRT_1431
error: AI Image 한도 - 재설정 2026-08-26 07:57
extra: reset_at=2026-08-26 07:57
--- page ---
AI Image 5시간 제한에 도달했습니다. 8월 26일 오전 7:57에 재설정됩니다
---
5시간 제한
---
세션 한도 도달
AI Image 5시간 제한에 도달했습니다. 8월 26일 오전 7:57에 재설정됩니다
OK
---
세션 한도 도달
AI Image 5시간 제한에 도달했습니다. 8월 26일 오전 7:57에 재설정됩니다
OK
---
5시간 제한
---
s arbitrarily. No text, speech bubbles, bubble, tooltip, or callout in the image. After the image appears, output

 exactly one line: 「SRT_1420 이미지가 성공적으로 생성되었습니다.」 Do not write success text without the image. If generation fails, short error only. No summary, verification table, continuation, or background guide.
이미지 생성
===== CHARACTER LOOK (SRT_1431) =====
State keys: Jin≈19|blood_robe
Jin Muhan, approximately nineteen years old, East-Asian young swordsman, sharp narrow phoenix eyes, high straight nose, thin lips, defined jawline, youthful East-Asian face with ancient weary eyes, cool fair skin with porcelain complexion, slender wiry physique, calm unreadable expression, jet-black waist-length hair in warrior topknot with jade hairpin, white Huashan pale-teal robes with fresh blood spatters on chest and sleeves, silver plum embroidery, dark blue sash, refined jian, optional light blood on cheek, no deep wound, slender wiry build, calm unreadable expression
Always preserve facial identity: same face, sharp narrow phoenix eyes, high straight nose, thin lips, defined jawline, youthful East-Asian face with ancient weary eyes, cool fair skin with porcelain complexion, slender wiry swordsman physique, calm unreadable expression (unless emotion scene). Hair, robe damage, blood, and …
============================================================
[2026-08-26 04:44:39] limit · SRT_1431
error: AI Image 한도 - 재설정 2026-08-26 07:57
extra: streak=2 reset_at=2026-08-26 07:57
--- page ---
AI Image 5시간 제한에 도달했습니다. 8월 26일 오전 7:57에 재설정됩니다 --- 5시간 제한 --- 세션 한도 도달 AI Image 5시간 제한에 도달했습니다. 8월 26일 오전 7:57에 재설정됩니다 OK --- 세션 한도 도달
============================================================
[2026-08-26 04:46:10] limit · SRT_1420
error: AI Image 한도 - 재설정 2026-08-26 07:57
extra: reset_at=2026-08-26 07:57
--- page ---
AI Image 5시간 제한에 도달했습니다. 8월 26일 오전 7:57에 재설정됩니다
---
5시간 제한
---
세션 한도 도달
AI Image 5시간 제한에 도달했습니다. 8월 26일 오전 7:57에 재설정됩니다
OK
---
세션 한도 도달
AI Image 5시간 제한에 도달했습니다. 8월 26일 오전 7:57에 재설정됩니다
OK
---
5시간 제한
---
New
AI 이미지
홈
Skills
세컨드 브레인
더보기
SRT_1420 남궁린 무협 만화 스타일 일러스트 제작 요청
공유
pasted-text-1787687148526.txt
102.04 KB

===== CHARACTER LOOK (SRT_1420) =====
State keys: Namgung|base
Namgung Rin, approximately nineteen years old, quiet sharp-eyed East-Asian youth from a fallen clan branch, tall thin pale complexion, long narrow cold analytical eyes, dark hair in low ponytail with plain black cord and a single white mourning ribbon, neat gray branch-disciple robes, thin straight sword at back

===== SRT [1420, 1440) =====
주막을 향해 움직이고. 남궁린의 마음이,
혈육과 의 사이에서 조용히 흔들리고. 아홉 속의
둘. 그 둘의 정체가 드러나는 날이, 조금씩
가까워지고 있었다.

===== STYLE =====
Chinese wuxia manhua (중국 무협 만화) style illustration, classic Chinese manhua panel composition, 16:9 aspect ratio, ultra high resolution digital manhua art, no text, no speech bubbles, no Hangul on image

SRT_1420 Chinese wuxia manhua illustration — generate this scene now. Keep Face Identity and State keys in CHARACTER LOOK identical to the previous current-timeline scene unless dialogue chang

ed hair/robe/wound; only pose, action, camera, and background may change. Do NOT redesign face, hair style, or robe colors arbitrarily. No text, speech bubbles, bubble, tooltip, or callout in the image. After the image appears, output exactly one line: 「SRT_1420 이미지가 성공적으로 생성되었습…
============================================================
[2026-08-26 04:46:10] limit · SRT_1420
error: AI Image 한도 - 재설정 2026-08-26 07:57
extra: streak=1 reset_at=2026-08-26 07:57
--- page ---
AI Image 5시간 제한에 도달했습니다. 8월 26일 오전 7:57에 재설정됩니다 --- 5시간 제한 --- 세션 한도 도달 AI Image 5시간 제한에 도달했습니다. 8월 26일 오전 7:57에 재설정됩니다 OK --- 세션 한도 도달
============================================================
[2026-08-28 23:03:02] fail · SRT_100
error: 새 이미지 대기 초과 (120s) — 다음 씬으로 진행
--- page ---
ock concert, ...
Backlit leaf veins as river delta, chlorophyll as ...
A young monk sweeping autumn leaves in temple cour...
Iron filings revealing invisible forces at planeta...
Extreme athlete cliff diving from 27 meters, body ...
Aztec god Quetzalcoatl as serpent emerging from py...
A tribal elder teaching fire-making to young hunte...
A world where shadows have become the primary real...
Venice sinking into the sea, gondolas floating pas...
A wedding couple's first dance, groom dipping brid...
A bull-leaper mid-somersault over charging bull, a...
A great white shark breaching ocean surface, water...
English countryside village on misty morning, shee...
A detective in noir style examining evidence with ...
Thousands of monarch butterflies clustering on oya...
Tango couple at moment of dramatic dip, Buenos Air...
A carpet weaver creating masterpiece, thousands of...
Terrain shaped by sound - echo mountains, reverb v...
Synchronized swimming team in perfect formation vi...
An abandoned train station where trains still arri...
Shipwreck being reclaimed by ocean life, fish swim...
A giant whale skeleton on ocean floor being explor...
Dried coffee stain rings as tree rings, each cup a...
A hummingbird hovering at trumpet flower, wings fr...
Spiral staircase going infinitely in both directio...
A coffee pour in extreme slow motion, cream creati...
Abstract emotion of nostalgia: childhood bedroom d...
A moment frozen where everything implies motion - ...
Ghost samurai standing in…
============================================================
[2026-08-28 23:03:02] fail · SRT_100
error: 새 이미지 대기 초과 (120s) — 다음 씬으로 진행
extra: streak=1
============================================================
[2026-08-28 23:03:24] limit · SRT_140
error: AI Image 한도 - 재설정 2026-08-29 01:14
extra: reset_at=2026-08-29 01:14
--- page ---
AI Image 5시간 제한에 도달했습니다. 8월 29일 오전 1:14에 재설정됩니다
---
5시간 제한
---
세션 한도 도달
AI Image 5시간 제한에 도달했습니다. 8월 29일 오전 1:14에 재설정됩니다
OK
---
세션 한도 도달
AI Image 5시간 제한에 도달했습니다. 8월 29일 오전 1:14에 재설정됩니다
OK
---
5시간 제한
---
heerful noble youth, NOT same face as Seong Yu or Jin Muhan.

===== SRT [140, 160) =====
나간 횟수가 늘었소. 겨울 동안에는 열흘에 한
번꼴로 산행을 다녀왔는데, 봄 이후로는
사흘에 한 번씩 나가고 있소. 그것도
혼자서. 진무한의 눈이 좁아졌다. 나가서
어디를 가는지는? 아직 확인하지 못했소.
미행을 붙이면 눈치채겠소. 남궁준의 무공이
내 위에 있으니. 그것은 사실이었다.

===== STYLE =====
Chinese wuxia manhua (중국 무협 만화) style illustration, bold ink outlines with dramatic ink-wash and vibrant cel-shaded coloring, flowing ancient Chinese hanfu robes, ornate jian sword ornaments and swirling qi energy effects, cinematic high-contrast lighting with mystical cyan/crimson/golden aura, classic Chinese manhua panel composition, epic mountain-river jianghu backdrop, 16:9 aspect ratio, ultra high resolution digital manhua art, no Studio Ghibli style, no Korean manhwa, no Japanese anime, no 3D render, no flat cartoon, no photoreal, no live-action photo, no speech bubbles, no comic balloons, no dialogue balloons, no thought bubbles, no tooltips, no help balloons, no UI tips, no callout boxes, no caption boxes, no chat bubbles, no watermarks, no logos, no Hangul, no Korean characters, no Korean written text on image, no hanbok, no Korean traditional clothing, no jeogori, no chima, no Japanese text on image, no English text on image, no Latin letters on image, no Chinese hanzi on image, no written text, no letter…
============================================================
[2026-08-28 23:03:24] limit · SRT_140
error: AI Image 한도 - 재설정 2026-08-29 01:14
extra: streak=2 reset_at=2026-08-29 01:14
--- page ---
AI Image 5시간 제한에 도달했습니다. 8월 29일 오전 1:14에 재설정됩니다 --- 5시간 제한 --- 세션 한도 도달 AI Image 5시간 제한에 도달했습니다. 8월 29일 오전 1:14에 재설정됩니다 OK --- 세션 한도 도달
============================================================
[2026-08-29 01:30:02] limit · SRT_1000
error: AI Image 한도 - 재설정 2026-08-29 06:15
extra: reset_at=2026-08-29 06:15
--- page ---
AI Image 5시간 제한에 도달했습니다. 8월 29일 오전 6:15에 재설정됩니다
---
5시간 제한
---
세션 한도 도달
AI Image 5시간 제한에 도달했습니다. 8월 29일 오전 6:15에 재설정됩니다
OK
---
세션 한도 도달
AI Image 5시간 제한에 도달했습니다. 8월 29일 오전 6:15에 재설정됩니다
OK
---
5시간 제한
---
nese wuxia manhua (중국 무협 만화) style illustration, bold ink outlines with dramatic ink-wash and vibrant cel-shaded coloring, flowing ancient Chinese hanfu robes, ornate jian sword ornaments and swirling qi energy effects, cinematic high-contrast lighting with mystical cyan/crimson/golden aura, classic Chinese manhua panel composition, epic mountain-river jianghu backdrop, 16:9 aspect ratio, ultra high resolution digital manhua art, no Studio Ghibli style, no Korean manhwa, no Japanese anime, no 3D render, no flat cartoon, no photoreal, no live-action photo, no speech bubbles, no comic balloons, no dialogue balloons, no thought bubbles, no tooltips, no help balloons, no UI tips, no callout boxes, no caption boxes, no chat bubbles, no watermarks, no logos, no Hangul, no Korean characters, no Korean written text on image, no hanbok, no Korean traditional clothing, no jeogori, no chima, no Japanese text on image, no English text on image, no Latin letters on image, no Chinese hanzi on image, no written text, no letters, no captions, no signs with readable writing, distinct individualized faces matching Character Bible Face Identity, each character visually unique, NOT generic bishonen, NOT same face as other disciples, expression follows each character's Face Identity (not uniform he…
============================================================
[2026-08-29 01:30:02] limit · SRT_1000
error: AI Image 한도 - 재설정 2026-08-29 06:15
extra: streak=1 reset_at=2026-08-29 06:15
--- page ---
AI Image 5시간 제한에 도달했습니다. 8월 29일 오전 6:15에 재설정됩니다 --- 5시간 제한 --- 세션 한도 도달 AI Image 5시간 제한에 도달했습니다. 8월 29일 오전 6:15에 재설정됩니다 OK --- 세션 한도 도달
============================================================
[2026-08-29 06:40:49] fail · SRT_100
error: 브라우저 탭이 닫혔습니다. 「실행」를 다시 눌러 주세요.
============================================================
[2026-08-29 06:40:49] fail · SRT_100
error: 브라우저 탭이 닫혔습니다. 「실행」를 다시 눌러 주세요.
extra: streak=1
============================================================
[2026-08-29 06:40:49] fail_streak · SRT_140
error: 브라우저 탭이 닫혔습니다. 「실행」를 다시 눌러 주세요.
extra: streak=2
============================================================
[2026-08-29 06:40:49] fail_streak · SRT_160
error: 브라우저 탭이 닫혔습니다. 「실행」를 다시 눌러 주세요.
extra: streak=3
============================================================
[2026-08-29 06:40:49] fail_streak · SRT_180
error: 브라우저 탭이 닫혔습니다. 「실행」를 다시 눌러 주세요.
extra: streak=4
============================================================
[2026-08-29 06:40:49] fail_streak · SRT_200
error: 브라우저 탭이 닫혔습니다. 「실행」를 다시 눌러 주세요.
extra: streak=5
============================================================
[2026-08-29 06:40:50] fail_streak · SRT_240
error: 브라우저 탭이 닫혔습니다. 「실행」를 다시 눌러 주세요.
extra: streak=6
============================================================
[2026-08-29 06:40:50] fail_streak · SRT_260
error: 브라우저 탭이 닫혔습니다. 「실행」를 다시 눌러 주세요.
extra: streak=7
============================================================
[2026-08-29 06:40:50] fail_streak · SRT_280
error: 브라우저 탭이 닫혔습니다. 「실행」를 다시 눌러 주세요.
extra: streak=8
============================================================
[2026-08-29 06:40:50] fail_streak · SRT_300
error: 브라우저 탭이 닫혔습니다. 「실행」를 다시 눌러 주세요.
extra: streak=9
============================================================
[2026-08-29 06:40:50] fail_streak · SRT_320
error: 브라우저 탭이 닫혔습니다. 「실행」를 다시 눌러 주세요.
extra: streak=10
============================================================
[2026-08-29 06:40:50] fail_streak · SRT_340
error: 브라우저 탭이 닫혔습니다. 「실행」를 다시 눌러 주세요.
extra: streak=11
============================================================
[2026-08-29 06:40:51] fail_streak · SRT_360
error: 브라우저 탭이 닫혔습니다. 「실행」를 다시 눌러 주세요.
extra: streak=12
============================================================
[2026-08-29 06:40:51] fail_streak · SRT_380
error: 브라우저 탭이 닫혔습니다. 「실행」를 다시 눌러 주세요.
extra: streak=13
============================================================
[2026-08-29 06:40:51] fail_streak · SRT_400
error: 브라우저 탭이 닫혔습니다. 「실행」를 다시 눌러 주세요.
extra: streak=14
============================================================
[2026-08-29 06:40:51] fail_streak · SRT_420
error: 브라우저 탭이 닫혔습니다. 「실행」를 다시 눌러 주세요.
extra: streak=15
============================================================
[2026-08-29 06:40:51] fail_streak · SRT_440
error: 브라우저 탭이 닫혔습니다. 「실행」를 다시 눌러 주세요.
extra: streak=16
============================================================
[2026-08-29 06:40:51] fail_streak · SRT_460
error: 브라우저 탭이 닫혔습니다. 「실행」를 다시 눌러 주세요.
extra: streak=17
============================================================
[2026-08-29 06:40:52] fail_streak · SRT_520
error: 브라우저 탭이 닫혔습니다. 「실행」를 다시 눌러 주세요.
extra: streak=18
============================================================
[2026-08-29 06:40:52] fail_streak · SRT_560
error: 브라우저 탭이 닫혔습니다. 「실행」를 다시 눌러 주세요.
extra: streak=19
============================================================
[2026-08-29 06:40:52] fail_streak · SRT_580
error: 브라우저 탭이 닫혔습니다. 「실행」를 다시 눌러 주세요.
extra: streak=20
============================================================
[2026-08-29 06:40:52] fail_streak · SRT_620
error: 브라우저 탭이 닫혔습니다. 「실행」를 다시 눌러 주세요.
extra: streak=21
============================================================
[2026-08-29 06:40:52] fail_streak · SRT_660
error: 브라우저 탭이 닫혔습니다. 「실행」를 다시 눌러 주세요.
extra: streak=22
============================================================
[2026-08-29 06:40:52] fail_streak · SRT_680
error: 브라우저 탭이 닫혔습니다. 「실행」를 다시 눌러 주세요.
extra: streak=23
============================================================
[2026-08-29 06:40:53] fail_streak · SRT_720
error: 브라우저 탭이 닫혔습니다. 「실행」를 다시 눌러 주세요.
extra: streak=24
============================================================
[2026-08-29 06:40:53] fail_streak · SRT_740
error: 브라우저 탭이 닫혔습니다. 「실행」를 다시 눌러 주세요.
extra: streak=25
============================================================
[2026-08-29 06:40:53] fail_streak · SRT_760
error: 브라우저 탭이 닫혔습니다. 「실행」를 다시 눌러 주세요.
extra: streak=26
============================================================
[2026-08-29 06:40:53] fail_streak · SRT_780
error: 브라우저 탭이 닫혔습니다. 「실행」를 다시 눌러 주세요.
extra: streak=27
============================================================
[2026-08-29 06:40:53] fail_streak · SRT_800
error: 브라우저 탭이 닫혔습니다. 「실행」를 다시 눌러 주세요.
extra: streak=28
============================================================
[2026-08-29 06:40:53] fail_streak · SRT_820
error: 브라우저 탭이 닫혔습니다. 「실행」를 다시 눌러 주세요.
extra: streak=29
============================================================
[2026-08-29 06:40:54] fail_streak · SRT_860
error: 브라우저 탭이 닫혔습니다. 「실행」를 다시 눌러 주세요.
extra: streak=30
============================================================
[2026-08-29 06:40:54] fail_streak · SRT_880
error: 브라우저 탭이 닫혔습니다. 「실행」를 다시 눌러 주세요.
extra: streak=31
============================================================
[2026-08-29 06:40:54] fail_streak · SRT_900
error: 브라우저 탭이 닫혔습니다. 「실행」를 다시 눌러 주세요.
extra: streak=32
============================================================
[2026-08-29 06:40:54] fail_streak · SRT_920
error: 브라우저 탭이 닫혔습니다. 「실행」를 다시 눌러 주세요.
extra: streak=33
============================================================
[2026-08-29 06:40:54] fail_streak · SRT_940
error: 브라우저 탭이 닫혔습니다. 「실행」를 다시 눌러 주세요.
extra: streak=34
============================================================
[2026-08-29 06:40:54] fail_streak · SRT_960
error: 브라우저 탭이 닫혔습니다. 「실행」를 다시 눌러 주세요.
extra: streak=35
============================================================
[2026-08-29 06:40:55] fail_streak · SRT_1000
error: 브라우저 탭이 닫혔습니다. 「실행」를 다시 눌러 주세요.
extra: streak=36
============================================================
[2026-08-29 06:40:55] fail_streak · SRT_1020
error: 브라우저 탭이 닫혔습니다. 「실행」를 다시 눌러 주세요.
extra: streak=37
============================================================
[2026-08-29 06:40:55] fail_streak · SRT_1040
error: 브라우저 탭이 닫혔습니다. 「실행」를 다시 눌러 주세요.
extra: streak=38
============================================================
[2026-08-29 06:40:55] fail_streak · SRT_1060
error: 브라우저 탭이 닫혔습니다. 「실행」를 다시 눌러 주세요.
extra: streak=39
============================================================
[2026-08-29 06:40:55] fail_streak · SRT_1080
error: 브라우저 탭이 닫혔습니다. 「실행」를 다시 눌러 주세요.
extra: streak=40
============================================================
[2026-08-29 06:40:55] fail_streak · SRT_1100
error: 브라우저 탭이 닫혔습니다. 「실행」를 다시 눌러 주세요.
extra: streak=41
============================================================
[2026-08-29 06:40:56] fail_streak · SRT_1160
error: 브라우저 탭이 닫혔습니다. 「실행」를 다시 눌러 주세요.
extra: streak=42
============================================================
[2026-08-29 06:40:56] fail_streak · SRT_1180
error: 브라우저 탭이 닫혔습니다. 「실행」를 다시 눌러 주세요.
extra: streak=43
============================================================
[2026-08-29 06:40:56] fail_streak · SRT_1200
error: 브라우저 탭이 닫혔습니다. 「실행」를 다시 눌러 주세요.
extra: streak=44
============================================================
[2026-08-29 06:40:56] fail_streak · SRT_1220
error: 브라우저 탭이 닫혔습니다. 「실행」를 다시 눌러 주세요.
extra: streak=45
============================================================
[2026-08-29 06:40:56] fail_streak · SRT_1240
error: 브라우저 탭이 닫혔습니다. 「실행」를 다시 눌러 주세요.
extra: streak=46
============================================================
[2026-08-29 06:40:56] fail_streak · SRT_1260
error: 브라우저 탭이 닫혔습니다. 「실행」를 다시 눌러 주세요.
extra: streak=47
============================================================
[2026-08-29 06:40:57] fail_streak · SRT_1300
error: 브라우저 탭이 닫혔습니다. 「실행」를 다시 눌러 주세요.
extra: streak=48
============================================================
[2026-08-29 06:40:57] fail_streak · SRT_1320
error: 브라우저 탭이 닫혔습니다. 「실행」를 다시 눌러 주세요.
extra: streak=49
============================================================
[2026-08-29 06:40:57] fail_streak · SRT_1340
error: 브라우저 탭이 닫혔습니다. 「실행」를 다시 눌러 주세요.
extra: streak=50
============================================================
[2026-08-29 06:40:57] fail_streak · SRT_1360
error: 브라우저 탭이 닫혔습니다. 「실행」를 다시 눌러 주세요.
extra: streak=51
============================================================
[2026-08-29 06:40:57] fail_streak · SRT_1380
error: 브라우저 탭이 닫혔습니다. 「실행」를 다시 눌러 주세요.
extra: streak=52
============================================================
[2026-08-29 06:40:57] fail_streak · SRT_1400
error: 브라우저 탭이 닫혔습니다. 「실행」를 다시 눌러 주세요.
extra: streak=53
============================================================
[2026-08-29 06:40:58] fail_streak · SRT_1420
error: 브라우저 탭이 닫혔습니다. 「실행」를 다시 눌러 주세요.
extra: streak=54
============================================================
[2026-08-29 06:40:58] fail_streak · SRT_1431
error: 브라우저 탭이 닫혔습니다. 「실행」를 다시 눌러 주세요.
extra: streak=55
============================================================
[2026-08-29 06:55:16] fail · SRT_420
error: 이어쓰기 입력란을 찾지 못했습니다.
--- page ---
, NOT same face as Seong Yu or Jin Muhan.

===== SRT [400, 420) =====
아홉의 결속을 내부에서 무너뜨리려는 수작일
수도 있었다. 그러나... 남궁준의 이상 행동.
엄중산의 태운 서찰. 우연이라기에는 타이밍이
맞았다. 진무한은 한 가지를 스스로에게
물었다. 만약 두 사람이 진짜 배신자라면,
나는 어떻게 해야 하는가. 전생의

===== STYLE =====
Chinese wuxia manhua (중국 무협 만화) style illustration, bold ink outlines with dramatic ink-wash and vibrant cel-shaded coloring, flowing ancient Chinese hanfu robes, ornate jian sword ornaments and swirling qi energy effects, cinematic high-contrast lighting with mystical cyan/crimson/golden aura, classic Chinese manhua panel composition, epic mountain-river jianghu backdrop, 16:9 aspect ratio, ultra high resolution digital manhua art, no Studio Ghibli style, no Korean manhwa, no Japanese anime, no 3D render, no flat cartoon, no photoreal, no live-action photo, no speech bubbles, no comic balloons, no dialogue balloons, no thought bubbles, no tooltips, no help balloons, no UI tips, no callout boxes, no caption boxes, no chat bubbles, no watermarks, no logos, no Hangul, no Korean characters, no Korean written text on image, no hanbok, no Korean traditional clothing, no jeogori, no chima, no Japanese text on image, no English text on image, no Latin letters on image, no Chinese hanzi on image, no written text, no letters, no captions, no signs with readable writing, distinct individualized faces matching Character Bible Face Identity, each character visually unique, NOT generic bishonen, NOT same face as other disciples, expression follows each character'…
============================================================
[2026-08-29 06:55:16] fail · SRT_420
error: 이어쓰기 입력란을 찾지 못했습니다.
extra: streak=1
============================================================
[2026-08-29 06:55:48] fail · SRT_460
error: 이어쓰기 입력란을 찾지 못했습니다.
============================================================
[2026-08-29 06:55:48] fail · SRT_460
error: 이어쓰기 입력란을 찾지 못했습니다.
extra: streak=1
============================================================
[2026-08-29 06:55:48] fail_streak · SRT_520
error: 브라우저 탭이 닫혔습니다. 「실행」를 다시 눌러 주세요.
extra: streak=2
============================================================
[2026-08-29 06:55:48] fail_streak · SRT_560
error: 브라우저 탭이 닫혔습니다. 「실행」를 다시 눌러 주세요.
extra: streak=3
============================================================
[2026-08-29 06:55:48] fail_streak · SRT_580
error: 브라우저 탭이 닫혔습니다. 「실행」를 다시 눌러 주세요.
extra: streak=4
============================================================
[2026-08-29 06:55:48] fail_streak · SRT_620
error: 브라우저 탭이 닫혔습니다. 「실행」를 다시 눌러 주세요.
extra: streak=5
============================================================
[2026-08-29 06:55:49] fail_streak · SRT_660
error: 브라우저 탭이 닫혔습니다. 「실행」를 다시 눌러 주세요.
extra: streak=6
============================================================
[2026-08-29 06:55:49] fail_streak · SRT_680
error: 브라우저 탭이 닫혔습니다. 「실행」를 다시 눌러 주세요.
extra: streak=7
============================================================
[2026-08-29 06:55:49] fail_streak · SRT_720
error: 브라우저 탭이 닫혔습니다. 「실행」를 다시 눌러 주세요.
extra: streak=8
============================================================
[2026-08-29 06:55:49] fail_streak · SRT_740
error: 브라우저 탭이 닫혔습니다. 「실행」를 다시 눌러 주세요.
extra: streak=9
============================================================
[2026-08-29 06:55:49] fail_streak · SRT_760
error: 브라우저 탭이 닫혔습니다. 「실행」를 다시 눌러 주세요.
extra: streak=10
============================================================
[2026-08-29 06:55:49] fail_streak · SRT_780
error: 브라우저 탭이 닫혔습니다. 「실행」를 다시 눌러 주세요.
extra: streak=11
============================================================
[2026-08-29 06:55:50] fail_streak · SRT_800
error: 브라우저 탭이 닫혔습니다. 「실행」를 다시 눌러 주세요.
extra: streak=12
============================================================
[2026-08-29 06:55:50] fail_streak · SRT_820
error: 브라우저 탭이 닫혔습니다. 「실행」를 다시 눌러 주세요.
extra: streak=13
============================================================
[2026-08-29 06:55:50] fail_streak · SRT_860
error: 브라우저 탭이 닫혔습니다. 「실행」를 다시 눌러 주세요.
extra: streak=14
============================================================
[2026-08-29 06:55:50] fail_streak · SRT_880
error: 브라우저 탭이 닫혔습니다. 「실행」를 다시 눌러 주세요.
extra: streak=15
============================================================
[2026-08-29 06:55:50] fail_streak · SRT_900
error: 브라우저 탭이 닫혔습니다. 「실행」를 다시 눌러 주세요.
extra: streak=16
============================================================
[2026-08-29 06:55:50] fail_streak · SRT_920
error: 브라우저 탭이 닫혔습니다. 「실행」를 다시 눌러 주세요.
extra: streak=17
============================================================
[2026-08-29 06:55:51] fail_streak · SRT_940
error: 브라우저 탭이 닫혔습니다. 「실행」를 다시 눌러 주세요.
extra: streak=18
============================================================
[2026-08-29 06:55:51] fail_streak · SRT_960
error: 브라우저 탭이 닫혔습니다. 「실행」를 다시 눌러 주세요.
extra: streak=19
============================================================
[2026-08-29 06:55:51] fail_streak · SRT_1000
error: 브라우저 탭이 닫혔습니다. 「실행」를 다시 눌러 주세요.
extra: streak=20
============================================================
[2026-08-29 06:55:51] fail_streak · SRT_1020
error: 브라우저 탭이 닫혔습니다. 「실행」를 다시 눌러 주세요.
extra: streak=21
============================================================
[2026-08-29 06:55:51] fail_streak · SRT_1040
error: 브라우저 탭이 닫혔습니다. 「실행」를 다시 눌러 주세요.
extra: streak=22
============================================================
[2026-08-29 06:55:51] fail_streak · SRT_1060
error: 브라우저 탭이 닫혔습니다. 「실행」를 다시 눌러 주세요.
extra: streak=23
============================================================
[2026-08-29 06:55:52] fail_streak · SRT_1080
error: 브라우저 탭이 닫혔습니다. 「실행」를 다시 눌러 주세요.
extra: streak=24
============================================================
[2026-08-29 06:55:52] fail_streak · SRT_1100
error: 브라우저 탭이 닫혔습니다. 「실행」를 다시 눌러 주세요.
extra: streak=25
============================================================
[2026-08-29 06:55:52] fail_streak · SRT_1160
error: 브라우저 탭이 닫혔습니다. 「실행」를 다시 눌러 주세요.
extra: streak=26
============================================================
[2026-08-29 06:55:52] fail_streak · SRT_1180
error: 브라우저 탭이 닫혔습니다. 「실행」를 다시 눌러 주세요.
extra: streak=27
============================================================
[2026-08-29 06:55:52] fail_streak · SRT_1200
error: 브라우저 탭이 닫혔습니다. 「실행」를 다시 눌러 주세요.
extra: streak=28
============================================================
[2026-08-29 06:55:52] fail_streak · SRT_1220
error: 브라우저 탭이 닫혔습니다. 「실행」를 다시 눌러 주세요.
extra: streak=29
============================================================
[2026-08-29 06:55:53] fail_streak · SRT_1240
error: 브라우저 탭이 닫혔습니다. 「실행」를 다시 눌러 주세요.
extra: streak=30
============================================================
[2026-08-29 06:55:53] fail_streak · SRT_1260
error: 브라우저 탭이 닫혔습니다. 「실행」를 다시 눌러 주세요.
extra: streak=31
============================================================
[2026-08-29 06:55:53] fail_streak · SRT_1300
error: 브라우저 탭이 닫혔습니다. 「실행」를 다시 눌러 주세요.
extra: streak=32
============================================================
[2026-08-29 06:55:53] fail_streak · SRT_1320
error: 브라우저 탭이 닫혔습니다. 「실행」를 다시 눌러 주세요.
extra: streak=33
============================================================
[2026-08-29 06:55:53] fail_streak · SRT_1340
error: 브라우저 탭이 닫혔습니다. 「실행」를 다시 눌러 주세요.
extra: streak=34
============================================================
[2026-08-29 06:55:53] fail_streak · SRT_1360
error: 브라우저 탭이 닫혔습니다. 「실행」를 다시 눌러 주세요.
extra: streak=35
============================================================
[2026-08-29 06:55:54] fail_streak · SRT_1380
error: 브라우저 탭이 닫혔습니다. 「실행」를 다시 눌러 주세요.
extra: streak=36
============================================================
[2026-08-29 06:55:54] fail_streak · SRT_1400
error: 브라우저 탭이 닫혔습니다. 「실행」를 다시 눌러 주세요.
extra: streak=37
============================================================
[2026-08-29 06:55:54] fail_streak · SRT_1420
error: 브라우저 탭이 닫혔습니다. 「실행」를 다시 눌러 주세요.
extra: streak=38
============================================================
[2026-08-29 06:55:54] fail_streak · SRT_1431
error: 브라우저 탭이 닫혔습니다. 「실행」를 다시 눌러 주세요.
extra: streak=39
============================================================
[2026-08-29 07:06:29] fail · SRT_560
error: 브라우저 탭이 닫혔습니다. 「실행」를 다시 눌러 주세요.
============================================================
[2026-08-29 07:06:29] fail · SRT_560
error: 브라우저 탭이 닫혔습니다. 「실행」를 다시 눌러 주세요.
extra: streak=1
============================================================
[2026-08-29 07:06:29] fail_streak · SRT_580
error: 브라우저 탭이 닫혔습니다. 「실행」를 다시 눌러 주세요.
extra: streak=2
