============================================================
[2026-08-30 06:58:11] fail · SRT_060
error: 이미지는 없고 성공 문구만 있음 — 다음 씬으로 진행
--- page ---
둔 장작. 마른
풀 지붕. 좁구려. 안전이 우선이오. 알고
있소. 두 사람은 안으로 들어갔다.

===== STYLE =====
Chinese wuxia manhua (중국 무협 만화) style illustration, bold ink outlines with dramatic ink-wash and vibrant cel-shaded coloring, flowing ancient Chinese hanfu robes, ornate jian sword ornaments and swirling qi energy effects, cinematic high-contrast lighting with mystical cyan/crimson/golden aura, classic Chinese manhua panel composition, epic mountain-river jianghu backdrop, 16:9 aspect ratio, ultra high resolution digital manhua art, no Studio Ghibli style, no Korean manhwa, no Japanese anime, no 3D render, no flat cartoon, no photoreal, no live-action photo, no speech bubbles, no comic balloons, no dialogue balloons, no thought bubbles, no tooltips, no help balloons, no UI tips, no callout boxes, no caption boxes, no chat bubbles, no watermarks, no logos, no Hangul, no Korean characters, no Korean written text on image, no hanbok, no Korean traditional clothing, no jeogori, no chima, no Japanese text on image, no English text on image, no Latin letters on image, no Chinese hanzi on image, no written text, no letters, no captions, no signs with readable writing, distinct individualized faces matching Character Bible Face Identity, each character visually unique, NOT generic bishonen, NOT same face as other disciples, expression follows each character's Face Identity (not uniform heroic pretty-boy look)

SRT_060 Chinese wuxia manhua illustration — generate this scene now. Keep Face Identity and base outfit …
============================================================
[2026-08-30 06:58:11] fail · SRT_060
error: 이미지는 없고 성공 문구만 있음 — 다음 씬으로 진행
extra: streak=1
============================================================
[2026-08-30 07:05:11] fail · SRT_300
error: 이미지는 없고 성공 문구만 있음 — 다음 씬으로 진행
--- page ---
5시간 제한에 근접했습니다.
---
d swirling qi energy effects, cinematic high-contrast lighting with mystical cyan/crimson/golden aura, classic Chinese manhua panel composition, epic mountain-river jianghu backdrop, 16:9 aspect ratio, ultra high resolution digital manhua art, no Studio Ghibli style, no Korean manhwa, no Japanese anime, no 3D render, no flat cartoon, no photoreal, no live-action photo, no speech bubbles, no comic balloons, no dialogue balloons, no thought bubbles, no tooltips, no help balloons, no UI tips, no callout boxes, no caption boxes, no chat bubbles, no watermarks, no logos, no Hangul, no Korean characters, no Korean written text on image, no hanbok, no Korean traditional clothing, no jeogori, no chima, no Japanese text on image, no English text on image, no Latin letters on image, no Chinese hanzi on image, no written text, no letters, no captions, no signs with readable writing, distinct individualized faces matching Character Bible Face Identity, each character visually unique, NOT generic bishonen, NOT same face as other disciples, expression follows each character's Face Identity (not uniform heroic pretty-boy look)

SRT_300 Chinese wuxia manhua illustration — generate this scene now. When multiple characters appear, keep each face visually distinct — do NOT merge into one generic bishonen face. Keep Face Identity and base outfit in CHARACTER LOOK identical across scenes; only pose, action, camera, and background may change. Do NOT redesign face, hair, or robe…
============================================================
[2026-08-30 07:05:11] fail · SRT_300
error: 이미지는 없고 성공 문구만 있음 — 다음 씬으로 진행
extra: streak=1
============================================================
[2026-08-30 07:07:04] limit · SRT_400
error: AI Image 한도 - 재설정 2026-08-30 08:34
extra: reset_at=2026-08-30 08:34
--- page ---
AI Image 5시간 제한에 도달했습니다. 8월 30일 오전 8:34에 재설정됩니다
---
5시간 제한
---
세션 한도 도달
AI Image 5시간 제한에 도달했습니다. 8월 30일 오전 8:34에 재설정됩니다
OK
---
세션 한도 도달
AI Image 5시간 제한에 도달했습니다. 8월 30일 오전 8:34에 재설정됩니다
OK
---
5시간 제한
---
 ornaments and swirling qi energy effects, cinematic high-contrast lighting with mystical cyan/crimson/golden aura, classic Chinese manhua panel composition, epic mountain-river jianghu backdrop, 16:9 aspect ratio, ultra high resolution digital manhua art, no Studio Ghibli style, no Korean manhwa, no Japanese anime, no 3D render, no flat cartoon, no photoreal, no live-action photo, no speech bubbles, no comic balloons, no dialogue balloons, no thought bubbles, no tooltips, no help balloons, no UI tips, no callout boxes, no caption boxes, no chat bubbles, no watermarks, no logos, no Hangul, no Korean characters, no Korean written text on image, no hanbok, no Korean traditional clothing, no jeogori, no chima, no Japanese text on image, no English text on image, no Latin letters on image, no Chinese hanzi on image, no written text, no letters, no captions, no signs with readable writing, distinct individualized faces matching Character Bible Face Identity, each character visually unique, NOT generic bishonen, NOT same face as other disciples, expression follows each character's Face Identity (not uniform heroic pretty-boy look)

SRT_400 Chinese wuxia manhua illustration — generate this scene now. When multiple characters appear, keep each face visually distinct — do NOT merge into…
============================================================
[2026-08-30 07:07:05] limit · SRT_400
error: AI Image 한도 - 재설정 2026-08-30 08:34
extra: streak=1 reset_at=2026-08-30 08:34
--- page ---
AI Image 5시간 제한에 도달했습니다. 8월 30일 오전 8:34에 재설정됩니다 --- 5시간 제한 --- 세션 한도 도달 AI Image 5시간 제한에 도달했습니다. 8월 30일 오전 8:34에 재설정됩니다 OK --- 세션 한도 도달
============================================================
[2026-08-30 08:40:05] fail · SRT_680
error: 이어쓰기 입력란을 찾지 못했습니다.
============================================================
[2026-08-30 08:40:05] fail · SRT_680
error: 이어쓰기 입력란을 찾지 못했습니다.
extra: streak=1
============================================================
[2026-08-30 08:40:05] fail_streak · SRT_700
error: 브라우저 탭이 닫혔습니다. 「실행」를 다시 눌러 주세요.
extra: streak=2
============================================================
[2026-08-30 14:12:47] limit · SRT_860
error: AI Image 한도 - 재설정 2026-08-30 18:36
extra: reset_at=2026-08-30 18:36
--- page ---
AI Image 5시간 제한에 도달했습니다. 8월 30일 오후 6:36에 재설정됩니다
---
5시간 제한
---
세션 한도 도달
AI Image 5시간 제한에 도달했습니다. 8월 30일 오후 6:36에 재설정됩니다
OK
---
세션 한도 도달
AI Image 5시간 제한에 도달했습니다. 8월 30일 오후 6:36에 재설정됩니다
OK
---
5시간 제한
---
ent Chinese hanfu robes, ornate jian sword ornaments and swirling qi energy effects, cinematic high-contrast lighting with mystical cyan/crimson/golden aura, classic Chinese manhua panel composition, epic mountain-river jianghu backdrop, 16:9 aspect ratio, ultra high resolution digital manhua art, no Studio Ghibli style, no Korean manhwa, no Japanese anime, no 3D render, no flat cartoon, no photoreal, no live-action photo, no speech bubbles, no comic balloons, no dialogue balloons, no thought bubbles, no tooltips, no help balloons, no UI tips, no callout boxes, no caption boxes, no chat bubbles, no watermarks, no logos, no Hangul, no Korean characters, no Korean written text on image, no hanbok, no Korean traditional clothing, no jeogori, no chima, no Japanese text on image, no English text on image, no Latin letters on image, no Chinese hanzi on image, no written text, no letters, no captions, no signs with readable writing, distinct individualized faces matching Character Bible Face Identity, each character visually unique, NOT generic bishonen, NOT same face as other disciples, expression follows each character's Face Identity (not uniform heroic pretty-boy look)

SRT_860 Chinese wuxia manhua illustration — generate this scene now. When multiple characters appear, keep each …
============================================================
[2026-08-30 14:12:47] limit · SRT_860
error: AI Image 한도 - 재설정 2026-08-30 18:36
extra: streak=1 reset_at=2026-08-30 18:36
--- page ---
AI Image 5시간 제한에 도달했습니다. 8월 30일 오후 6:36에 재설정됩니다 --- 5시간 제한 --- 세션 한도 도달 AI Image 5시간 제한에 도달했습니다. 8월 30일 오후 6:36에 재설정됩니다 OK --- 세션 한도 도달
============================================================
[2026-08-30 18:32:51] limit · SRT_860
error: AI Image 한도 - 재설정 2026-08-30 18:36
extra: reset_at=2026-08-30 18:36
--- page ---
AI Image 5시간 제한에 도달했습니다. 8월 30일 오후 6:36에 재설정됩니다
---
5시간 제한
---
세션 한도 도달
AI Image 5시간 제한에 도달했습니다. 8월 30일 오후 6:36에 재설정됩니다
OK
---
세션 한도 도달
AI Image 5시간 제한에 도달했습니다. 8월 30일 오후 6:36에 재설정됩니다
OK
---
5시간 제한
---
ncient Chinese hanfu robes, ornate jian sword ornaments and swirling qi energy effects, cinematic high-contrast lighting with mystical cyan/crimson/golden aura, classic Chinese manhua panel composition, epic mountain-river jianghu backdrop, 16:9 aspect ratio, ultra high resolution digital manhua art, no Studio Ghibli style, no Korean manhwa, no Japanese anime, no 3D render, no flat cartoon, no photoreal, no live-action photo, no speech bubbles, no comic balloons, no dialogue balloons, no thought bubbles, no tooltips, no help balloons, no UI tips, no callout boxes, no caption boxes, no chat bubbles, no watermarks, no logos, no Hangul, no Korean characters, no Korean written text on image, no hanbok, no Korean traditional clothing, no jeogori, no chima, no Japanese text on image, no English text on image, no Latin letters on image, no Chinese hanzi on image, no written text, no letters, no captions, no signs with readable writing, distinct individualized faces matching Character Bible Face Identity, each character visually unique, NOT generic bishonen, NOT same face as other disciples, expression follows each character's Face Identity (not uniform heroic pretty-boy look)

SRT_860 Chinese wuxia manhua illustration — generate this scene now. When multiple characters appear, keep ea…
============================================================
[2026-08-30 18:32:51] limit · SRT_860
error: AI Image 한도 - 재설정 2026-08-30 18:36
extra: streak=1 reset_at=2026-08-30 18:36
--- page ---
AI Image 5시간 제한에 도달했습니다. 8월 30일 오후 6:36에 재설정됩니다 --- 5시간 제한 --- 세션 한도 도달 AI Image 5시간 제한에 도달했습니다. 8월 30일 오후 6:36에 재설정됩니다 OK --- 세션 한도 도달
